[    0.000000] Booting Linux on physical CPU 0x0
[    0.000000] Initializing cgroup subsys cpuset
[    0.000000] Initializing cgroup subsys cpu
[    0.000000] Initializing cgroup subsys cpuacct
[    0.000000] Linux version 4.4.14-v7+ (root@raspberrypi) (gcc version 4.9.2 (Raspbian 4.9.2-10) ) #1 SMP Mon Jun 27 09:32:50 CEST 2016
[    0.000000] CPU: ARMv7 Processor [410fd034] revision 4 (ARMv7), cr=10c5383d
[    0.000000] CPU: PIPT / VIPT nonaliasing data cache, VIPT aliasing instruction cache
[    0.000000] Machine model: Raspberry Pi 3 Model B Rev 1.2
[    0.000000] cma: Reserved 8 MiB at 0x3a800000
[    0.000000] Memory policy: Data cache writealloc
[    0.000000] On node 0 totalpages: 241664
[    0.000000] free_area_init_node: node 0, pgdat 808c7040, node_mem_map b9fa6000
[    0.000000]   Normal zone: 2124 pages used for memmap
[    0.000000]   Normal zone: 0 pages reserved
[    0.000000]   Normal zone: 241664 pages, LIFO batch:31
[    0.000000] [bcm2709_smp_init_cpus] enter (9520->f3003010)
[    0.000000] [bcm2709_smp_init_cpus] ncores=4
[    0.000000] PERCPU: Embedded 13 pages/cpu @b9f62000 s22592 r8192 d22464 u53248
[    0.000000] pcpu-alloc: s22592 r8192 d22464 u53248 alloc=13*4096
[    0.000000] pcpu-alloc: [0] 0 [0] 1 [0] 2 [0] 3 
[    0.000000] Built 1 zonelists in Zone order, mobility grouping on.  Total pages: 239540
[    0.000000] Kernel command line: 8250.nr_uarts=0 dma.dmachans=0x7f35 bcm2708_fb.fbwidth=1920 bcm2708_fb.fbheight=1080 bcm2709.boardrev=0xa02082 bcm2709.serial=0xe230e94 smsc95xx.macaddr=B8:27:EB:23:0E:94 bcm2708_fb.fbswap=1 bcm2709.uart_clock=48000000 vc_mem.mem_base=0x3dc00000 vc_mem.mem_size=0x3f000000  dwc_otg.lpm_enable=0 console=ttyS0,115200 console=tty1 root=/dev/mmcblk0p2 rootfstype=ext4 elevator=deadline fsck.repair=yes rootwait
[    0.000000] PID hash table entries: 4096 (order: 2, 16384 bytes)
[    0.000000] Dentry cache hash table entries: 131072 (order: 7, 524288 bytes)
[    0.000000] Inode-cache hash table entries: 65536 (order: 6, 262144 bytes)
[    0.000000] Memory: 939056K/966656K available (6361K kernel code, 432K rwdata, 1720K rodata, 476K init, 764K bss, 19408K reserved, 8192K cma-reserved)
[    0.000000] Virtual kernel memory layout:
    vector  : 0xffff0000 - 0xffff1000   (   4 kB)
    fixmap  : 0xffc00000 - 0xfff00000   (3072 kB)
    vmalloc : 0xbb800000 - 0xff800000   (1088 MB)
    lowmem  : 0x80000000 - 0xbb000000   ( 944 MB)
    modules : 0x7f000000 - 0x80000000   (  16 MB)
      .text : 0x80008000 - 0x807ec8a8   (8083 kB)
      .init : 0x807ed000 - 0x80864000   ( 476 kB)
      .data : 0x80864000 - 0x808d0348   ( 433 kB)
       .bss : 0x808d3000 - 0x809921ac   ( 765 kB)
[    0.000000] SLUB: HWalign=64, Order=0-3, MinObjects=0, CPUs=4, Nodes=1
[    0.000000] Hierarchical RCU implementation.
[    0.000000] 	Build-time adjustment of leaf fanout to 32.
[    0.000000] NR_IRQS:16 nr_irqs:16 16
[    0.000000] Architected cp15 timer(s) running at 19.20MHz (phys).
[    0.000000] clocksource: arch_sys_counter: mask: 0xffffffffffffff max_cycles: 0x46d987e47, max_idle_ns: 440795202767 ns
[    0.000009] sched_clock: 56 bits at 19MHz, resolution 52ns, wraps every 4398046511078ns
[    0.000026] Switching to timer-based delay loop, resolution 52ns
[    0.000290] Console: colour dummy device 80x30
[    0.001327] console [tty1] enabled
[    0.001373] Calibrating delay loop (skipped), value calculated using timer frequency.. 38.40 BogoMIPS (lpj=192000)
[    0.001441] pid_max: default: 32768 minimum: 301
[    0.001774] Mount-cache hash table entries: 2048 (order: 1, 8192 bytes)
[    0.001818] Mountpoint-cache hash table entries: 2048 (order: 1, 8192 bytes)
[    0.002777] Disabling cpuset control group subsystem
[    0.002833] Initializing cgroup subsys io
[    0.002885] Initializing cgroup subsys memory
[    0.002946] Initializing cgroup subsys devices
[    0.002991] Initializing cgroup subsys freezer
[    0.003033] Initializing cgroup subsys net_cls
[    0.003103] CPU: Testing write buffer coherency: ok
[    0.003189] ftrace: allocating 21260 entries in 63 pages
[    0.052547] CPU0: update cpu_capacity 1024
[    0.052611] CPU0: thread -1, cpu 0, socket 0, mpidr 80000000
[    0.052645] [bcm2709_smp_prepare_cpus] enter
[    0.052807] Setting up static identity map for 0x8240 - 0x8274
[    0.054473] [bcm2709_boot_secondary] cpu:1 started (0) 17
[    0.054685] [bcm2709_secondary_init] enter cpu:1
[    0.054726] CPU1: update cpu_capacity 1024
[    0.054732] CPU1: thread -1, cpu 1, socket 0, mpidr 80000001
[    0.055111] [bcm2709_boot_secondary] cpu:2 started (0) 17
[    0.055275] [bcm2709_secondary_init] enter cpu:2
[    0.055296] CPU2: update cpu_capacity 1024
[    0.055302] CPU2: thread -1, cpu 2, socket 0, mpidr 80000002
[    0.055661] [bcm2709_boot_secondary] cpu:3 started (0) 18
[    0.055791] [bcm2709_secondary_init] enter cpu:3
[    0.055811] CPU3: update cpu_capacity 1024
[    0.055817] CPU3: thread -1, cpu 3, socket 0, mpidr 80000003
[    0.055878] Brought up 4 CPUs
[    0.055977] SMP: Total of 4 processors activated (153.60 BogoMIPS).
[    0.056006] CPU: All CPU(s) started in HYP mode.
[    0.056033] CPU: Virtualization extensions available.
[    0.056663] devtmpfs: initialized
[    0.067011] VFP support v0.3: implementor 41 architecture 3 part 40 variant 3 rev 4
[    0.067384] clocksource: jiffies: mask: 0xffffffff max_cycles: 0xffffffff, max_idle_ns: 19112604462750000 ns
[    0.068106] pinctrl core: initialized pinctrl subsystem
[    0.068648] NET: Registered protocol family 16
[    0.073811] DMA: preallocated 4096 KiB pool for atomic coherent allocations
[    0.080781] hw-breakpoint: found 5 (+1 reserved) breakpoint and 4 watchpoint registers.
[    0.080831] hw-breakpoint: maximum watchpoint size is 8 bytes.
[    0.081002] Serial: AMBA PL011 UART driver
[    0.081157] uart-pl011 3f201000.uart: could not find pctldev for node /soc/gpio@7e200000/uart0_pins, deferring probe
[    0.081358] bcm2835-mbox 3f00b880.mailbox: mailbox enabled
[    0.144712] bcm2835-dma 3f007000.dma: DMA legacy API manager at f3007000, dmachans=0x1
[    0.145324] SCSI subsystem initialized
[    0.145528] usbcore: registered new interface driver usbfs
[    0.145646] usbcore: registered new interface driver hub
[    0.145765] usbcore: registered new device driver usb
[    0.152101] raspberrypi-firmware soc:firmware: Attached to firmware from 2016-05-20 19:01
[    0.179272] clocksource: Switched to clocksource arch_sys_counter
[    0.223956] FS-Cache: Loaded
[    0.224256] CacheFiles: Loaded
[    0.236688] NET: Registered protocol family 2
[    0.237552] TCP established hash table entries: 8192 (order: 3, 32768 bytes)
[    0.237690] TCP bind hash table entries: 8192 (order: 4, 65536 bytes)
[    0.237900] TCP: Hash tables configured (established 8192 bind 8192)
[    0.238014] UDP hash table entries: 512 (order: 2, 16384 bytes)
[    0.238082] UDP-Lite hash table entries: 512 (order: 2, 16384 bytes)
[    0.238335] NET: Registered protocol family 1
[    0.238675] RPC: Registered named UNIX socket transport module.
[    0.238708] RPC: Registered udp transport module.
[    0.238736] RPC: Registered tcp transport module.
[    0.238763] RPC: Registered tcp NFSv4.1 backchannel transport module.
[    0.239842] hw perfevents: enabled with armv7_cortex_a7 PMU driver, 7 counters available
[    0.241219] futex hash table entries: 1024 (order: 4, 65536 bytes)
[    0.254656] VFS: Disk quotas dquot_6.6.0
[    0.254989] VFS: Dquot-cache hash table entries: 1024 (order 0, 4096 bytes)
[    0.257294] FS-Cache: Netfs 'nfs' registered for caching
[    0.258227] NFS: Registering the id_resolver key type
[    0.258290] Key type id_resolver registered
[    0.258318] Key type id_legacy registered
[    0.260717] Block layer SCSI generic (bsg) driver version 0.4 loaded (major 252)
[    0.260875] io scheduler noop registered
[    0.260911] io scheduler deadline registered (default)
[    0.260982] io scheduler cfq registered
[    0.263516] BCM2708FB: allocated DMA memory fac00000
[    0.263565] BCM2708FB: allocated DMA channel 0 @ f3007000
[    0.294004] Console: switching to colour frame buffer device 240x67
[    1.365903] bcm2835-rng 3f104000.rng: hwrng registered
[    1.366151] vc-cma: Videocore CMA driver
[    1.366228] vc-cma: vc_cma_base      = 0x00000000
[    1.366309] vc-cma: vc_cma_size      = 0x00000000 (0 MiB)
[    1.366400] vc-cma: vc_cma_initial   = 0x00000000 (0 MiB)
[    1.366713] vc-mem: phys_addr:0x00000000 mem_base=0x3dc00000 mem_size:0x3f000000(1008 MiB)
[    1.381778] brd: module loaded
[    1.390635] loop: module loaded
[    1.391651] vchiq: vchiq_init_state: slot_zero = 0xbac80000, is_master = 0
[    1.393270] Loading iSCSI transport class v2.0-870.
[    1.394011] usbcore: registered new interface driver smsc95xx
[    1.394156] dwc_otg: version 3.00a 10-AUG-2012 (platform bus)
[    1.594508] Core Release: 2.80a
[    1.594580] Setting default values for core params
[    1.594688] Finished setting default values for core params
[    1.795141] Using Buffer DMA mode
[    1.795209] Periodic Transfer Interrupt Enhancement - disabled
[    1.795305] Multiprocessor Interrupt Enhancement - disabled
[    1.795398] OTG VER PARAM: 0, OTG VER FLAG: 0
[    1.795481] Dedicated Tx FIFOs mode
[    1.795836] WARN::dwc_otg_hcd_init:1047: FIQ DMA bounce buffers: virt = 0xbac14000 dma = 0xfac14000 len=9024
[    1.796013] FIQ FSM acceleration enabled for :
Non-periodic Split Transactions
Periodic Split Transactions
High-Speed Isochronous Endpoints
Interrupt/Control Split Transaction hack enabled
[    1.796352] dwc_otg: Microframe scheduler enabled
[    1.796404] WARN::hcd_init_fiq:413: FIQ on core 1 at 0x80446f9c
[    1.796513] WARN::hcd_init_fiq:414: FIQ ASM at 0x8044730c length 36
[    1.796622] WARN::hcd_init_fiq:439: MPHI regs_base at 0xbbc7e000
[    1.796779] dwc_otg 3f980000.usb: DWC OTG Controller
[    1.796895] dwc_otg 3f980000.usb: new USB bus registered, assigned bus number 1
[    1.797039] dwc_otg 3f980000.usb: irq 62, io mem 0x00000000
[    1.801639] Init: Port Power? op_state=1
[    1.806173] Init: Power Port (0)
[    1.810889] usb usb1: New USB device found, idVendor=1d6b, idProduct=0002
[    1.815452] usb usb1: New USB device strings: Mfr=3, Product=2, SerialNumber=1
[    1.820017] usb usb1: Product: DWC OTG Controller
[    1.824535] usb usb1: Manufacturer: Linux 4.4.14-v7+ dwc_otg_hcd
[    1.829054] usb usb1: SerialNumber: 3f980000.usb
[    1.834364] hub 1-0:1.0: USB hub found
[    1.838853] hub 1-0:1.0: 1 port detected
[    1.843905] dwc_otg: FIQ enabled
[    1.843915] dwc_otg: NAK holdoff enabled
[    1.843923] dwc_otg: FIQ split-transaction FSM enabled
[    1.843963] Module dwc_common_port init
[    1.844241] usbcore: registered new interface driver usb-storage
[    1.849003] mousedev: PS/2 mouse device common for all mice
[    1.854304] bcm2835-cpufreq: min=600000 max=1200000
[    1.859133] sdhci: Secure Digital Host Controller Interface driver
[    1.863698] sdhci: Copyright(c) Pierre Ossman
[    1.868512] sdhost: log_buf @ bac13000 (fac13000)
[    1.949302] mmc0: sdhost-bcm2835 loaded - DMA enabled (>1)
[    1.956045] mmc-bcm2835 3f300000.mmc: mmc_debug:0 mmc_debug2:0
[    1.960527] mmc-bcm2835 3f300000.mmc: DMA channel allocated
[    2.009395] sdhci-pltfm: SDHCI platform and OF driver helper
[    2.014197] ledtrig-cpu: registered to indicate activity on CPUs
[    2.018729] hidraw: raw HID events driver (C) Jiri Kosina
[    2.023496] usbcore: registered new interface driver usbhid
[    2.027933] usbhid: USB HID core driver
[    2.032901] Initializing XFRM netlink socket
[    2.037314] NET: Registered protocol family 17
[    2.041819] Indeed it is in host mode hprt0 = 00021501
[    2.048761] mmc0: host does not support reading read-only switch, assuming write-enable
[    2.056719] mmc0: new high speed SDHC card at address aaaa
[    2.061771] Key type dns_resolver registered
[    2.061829] mmcblk0: mmc0:aaaa SL08G 7.40 GiB
[    2.071282] Registering SWP/SWPB emulation handler
[    2.071665]  mmcblk0: p1 p2
[    2.081058] registered taskstats version 1
[    2.085786] vc-sm: Videocore shared memory driver
[    2.088617] mmc1: queuing unknown CIS tuple 0x80 (2 bytes)
[    2.090167] mmc1: queuing unknown CIS tuple 0x80 (3 bytes)
[    2.091712] mmc1: queuing unknown CIS tuple 0x80 (3 bytes)
[    2.094486] mmc1: queuing unknown CIS tuple 0x80 (7 bytes)
[    2.108012] [vc_sm_connected_init]: start
[    2.112873] [vc_sm_connected_init]: end - returning 0
[    2.118580] 3f201000.uart: ttyAMA0 at MMIO 0x3f201000 (irq = 87, base_baud = 0) is a PL011 rev2
[    2.123409] of_cfs_init
[    2.127846] of_cfs_init: OK
[    2.149512] EXT4-fs (mmcblk0p2): mounted filesystem with ordered data mode. Opts: (null)
[    2.154050] VFS: Mounted root (ext4 filesystem) readonly on device 179:2.
[    2.166498] devtmpfs: mounted
[    2.171695] Freeing unused kernel memory: 476K (807ed000 - 80864000)
[    2.185346] mmc1: new high speed SDIO card at address 0001
[    2.219321] usb 1-1: new high-speed USB device number 2 using dwc_otg
[    2.223974] Indeed it is in host mode hprt0 = 00001101
[    2.419643] usb 1-1: New USB device found, idVendor=0424, idProduct=9514
[    2.424133] usb 1-1: New USB device strings: Mfr=0, Product=0, SerialNumber=0
[    2.425372] random: systemd urandom read with 41 bits of entropy available
[    2.433894] hub 1-1:1.0: USB hub found
[    2.438499] hub 1-1:1.0: 5 ports detected
[    2.444764] systemd[1]: systemd 215 running in system mode. (+PAM +AUDIT +SELINUX +IMA +SYSVINIT +LIBCRYPTSETUP +GCRYPT +ACL +XZ -SECCOMP -APPARMOR)
[    2.449877] systemd[1]: Detected architecture 'arm'.
[    2.579510] NET: Registered protocol family 10
[    2.585582] systemd[1]: Inserted module 'ipv6'
[    2.593110] systemd[1]: Set hostname to <raspberrypi>.
[    2.719342] usb 1-1.1: new high-speed USB device number 3 using dwc_otg
[    2.819662] usb 1-1.1: New USB device found, idVendor=0424, idProduct=ec00
[    2.824443] usb 1-1.1: New USB device strings: Mfr=0, Product=0, SerialNumber=0
[    2.832099] smsc95xx v1.0.4
[    2.892853] smsc95xx 1-1.1:1.0 eth0: register 'smsc95xx' at usb-3f980000.usb-1.1, smsc95xx USB 2.0 Ethernet, b8:27:eb:23:0e:94
[    2.974845] systemd[1]: Cannot add dependency job for unit display-manager.service, ignoring: Unit display-manager.service failed to load: No such file or directory.
[    2.983017] systemd[1]: Starting Forward Password Requests to Wall Directory Watch.
[    2.988440] systemd[1]: Started Forward Password Requests to Wall Directory Watch.
[    2.989350] usb 1-1.3: new low-speed USB device number 4 using dwc_otg
[    2.998687] systemd[1]: Starting Remote File Systems (Pre).
[    3.009925] systemd[1]: Reached target Remote File Systems (Pre).
[    3.015100] systemd[1]: Starting Encrypted Volumes.
[    3.026160] systemd[1]: Reached target Encrypted Volumes.
[    3.031428] systemd[1]: Starting Arbitrary Executable File Formats File System Automount Point.
[    3.043163] systemd[1]: Set up automount Arbitrary Executable File Formats File System Automount Point.
[    3.048539] systemd[1]: Starting Swap.
[    3.059945] systemd[1]: Reached target Swap.
[    3.065247] systemd[1]: Expecting device dev-mmcblk0p1.device...
[    3.076745] systemd[1]: Starting Root Slice.
[    3.088225] systemd[1]: Created slice Root Slice.
[    3.093520] systemd[1]: Starting User and Session Slice.
[    3.105059] systemd[1]: Created slice User and Session Slice.
[    3.110407] systemd[1]: Starting /dev/initctl Compatibility Named Pipe.
[    3.116178] usb 1-1.3: New USB device found, idVendor=413c, idProduct=2107
[    3.116188] usb 1-1.3: New USB device strings: Mfr=1, Product=2, SerialNumber=0
[    3.116195] usb 1-1.3: Product: Dell USB Entry Keyboard
[    3.116202] usb 1-1.3: Manufacturer: Dell
[    3.138727] input: Dell Dell USB Entry Keyboard as /devices/platform/soc/3f980000.usb/usb1/1-1/1-1.3/1-1.3:1.0/0003:413C:2107.0001/input/input0
[    3.149463] systemd[1]: Listening on /dev/initctl Compatibility Named Pipe.
[    3.155242] systemd[1]: Starting Delayed Shutdown Socket.
[    3.167735] systemd[1]: Listening on Delayed Shutdown Socket.
[    3.173463] systemd[1]: Starting Journal Socket (/dev/log).
[    3.185829] systemd[1]: Listening on Journal Socket (/dev/log).
[    3.189978] hid-generic 0003:413C:2107.0001: input,hidraw0: USB HID v1.10 Keyboard [Dell Dell USB Entry Keyboard] on usb-3f980000.usb-1.3/input0
[    3.197388] systemd[1]: Starting udev Control Socket.
[    3.210038] systemd[1]: Listening on udev Control Socket.
[    3.215895] systemd[1]: Starting udev Kernel Socket.
[    3.228338] systemd[1]: Listening on udev Kernel Socket.
[    3.234209] systemd[1]: Starting Journal Socket.
[    3.246638] systemd[1]: Listening on Journal Socket.
[    3.252539] systemd[1]: Starting System Slice.
[    3.264769] systemd[1]: Created slice System Slice.
[    3.270434] systemd[1]: Starting File System Check on Root Device...
[    3.319845] systemd[1]: Starting system-systemd\x2dfsck.slice.
[    3.332917] systemd[1]: Created slice system-systemd\x2dfsck.slice.
[    3.338914] systemd[1]: Starting system-getty.slice.
[    3.351826] systemd[1]: Created slice system-getty.slice.
[    3.358017] systemd[1]: Starting Increase datagram queue length...
[    3.372838] systemd[1]: Starting Restore / save the current clock...
[    3.398378] systemd[1]: Started Set Up Additional Binary Formats.
[    3.404164] systemd[1]: Mounted Huge Pages File System.
[    3.409843] systemd[1]: Starting udev Coldplug all Devices...
[    3.425162] systemd[1]: Starting Create list of required static device nodes for the current kernel...
[    3.465165] systemd[1]: Starting Load Kernel Modules...
[    3.483521] systemd[1]: Mounting Debug File System...
[    3.500201] systemd[1]: Mounting POSIX Message Queue File System...
[    3.515564] systemd[1]: Starting Slices.
[    3.529697] systemd[1]: Reached target Slices.
[    3.534380] i2c /dev entries driver
[    3.549631] systemd[1]: Mounted POSIX Message Queue File System.
[    3.562011] systemd[1]: Mounted Debug File System.
[    3.574883] systemd[1]: Started File System Check on Root Device.
[    3.596371] systemd[1]: Started Increase datagram queue length.
[    3.609096] systemd[1]: Started Restore / save the current clock.
[    3.624980] systemd[1]: Started Create list of required static device nodes for the current kernel.
[    3.638417] systemd[1]: Started Load Kernel Modules.
[    3.648365] systemd[1]: Time has been changed
[    3.670327] systemd[1]: Started udev Coldplug all Devices.
[    3.811814] systemd[1]: Starting Apply Kernel Variables...
[    3.860172] systemd[1]: Mounting Configuration File System...
[    3.874839] systemd[1]: Mounted FUSE Control File System.
[    3.875471] systemd[1]: Starting Create Static Device Nodes in /dev...
[    3.885111] systemd[1]: Starting Syslog Socket.
[    3.892008] systemd[1]: Listening on Syslog Socket.
[    3.892167] systemd[1]: Starting Journal Service...
[    3.907781] systemd[1]: Started Journal Service.
[    4.077647] systemd-udevd[135]: starting version 215
[    4.560780] usbcore: registered new interface driver brcmfmac
[    4.681353] brcmfmac: brcmf_c_preinit_dcmds: Firmware version = wl0: Dec 15 2015 18:10:45 version 7.45.41.23 (r606571) FWID 01-cc4eda9c
[    4.702970] random: nonblocking pool is initialized
[    4.706116] brcmfmac: brcmf_cfg80211_reg_notifier: not a ISO3166 code
[    4.765181] brcmfmac: brcmf_cfg80211_reg_notifier: not a ISO3166 code
[    4.765229] cfg80211: World regulatory domain updated:
[    4.765239] cfg80211:  DFS Master region: unset
[    4.765248] cfg80211:   (start_freq - end_freq @ bandwidth), (max_antenna_gain, max_eirp), (dfs_cac_time)
[    4.765265] cfg80211:   (2402000 KHz - 2472000 KHz @ 40000 KHz), (N/A, 2000 mBm), (N/A)
[    4.765278] cfg80211:   (2457000 KHz - 2482000 KHz @ 40000 KHz), (N/A, 2000 mBm), (N/A)
[    4.765290] cfg80211:   (2474000 KHz - 2494000 KHz @ 20000 KHz), (N/A, 2000 mBm), (N/A)
[    4.765305] cfg80211:   (5170000 KHz - 5250000 KHz @ 80000 KHz, 160000 KHz AUTO), (N/A, 2000 mBm), (N/A)
[    4.765319] cfg80211:   (5250000 KHz - 5330000 KHz @ 80000 KHz, 160000 KHz AUTO), (N/A, 2000 mBm), (0 s)
[    4.765333] cfg80211:   (5490000 KHz - 5730000 KHz @ 160000 KHz), (N/A, 2000 mBm), (0 s)
[    4.765346] cfg80211:   (5735000 KHz - 5835000 KHz @ 80000 KHz), (N/A, 2000 mBm), (N/A)
[    4.765358] cfg80211:   (57240000 KHz - 63720000 KHz @ 2160000 KHz), (N/A, 0 mBm), (N/A)
[    4.915415] EXT4-fs (mmcblk0p2): re-mounted. Opts: (null)
[    5.254799] systemd-journald[133]: Received request to flush runtime journal from PID 1
[    9.399320] i2c_hid 1-0040: failed to reset device.
[   10.419307] i2c i2c-1: transfer timed out
[   11.419303] i2c i2c-1: transfer timed out
[   12.419306] i2c i2c-1: transfer timed out
[   13.419307] i2c i2c-1: transfer timed out
[   14.419305] i2c i2c-1: transfer timed out
[   15.419307] i2c i2c-1: transfer timed out
[   16.419306] i2c i2c-1: transfer timed out
[   17.419302] i2c i2c-1: transfer timed out
[   18.419306] i2c i2c-1: transfer timed out
[   19.419305] i2c i2c-1: transfer timed out
[   20.419310] i2c i2c-1: transfer timed out
[   21.419310] i2c i2c-1: transfer timed out
[   21.419349] i2c_hid 1-0040: failed to change power setting.
[   22.419307] i2c i2c-1: transfer timed out
[   23.419306] i2c i2c-1: transfer timed out
[   24.419302] i2c i2c-1: transfer timed out
[   25.419307] i2c i2c-1: transfer timed out
[   25.419343] i2c_hid 1-0040: failed to change power setting.
[   26.419308] i2c i2c-1: transfer timed out
[   27.419310] i2c i2c-1: transfer timed out
[   28.419308] i2c i2c-1: transfer timed out
[   28.419343] i2c_hid 1-0040: failed to change power setting.
[   29.419306] i2c i2c-1: transfer timed out
[   29.429307] i2c_hid 1-0040: can't add hid device: -110
[   30.419307] i2c i2c-1: transfer timed out
[   30.419428] i2c_hid: probe of 1-0040 failed with error -110
[   30.419471] bcm2708_i2c 3f804000.i2c: BSC1 Controller at 0x3f804000 (irq 83) (baudrate 400000)
[   30.421149] gpiomem-bcm2835 3f200000.gpiomem: Initialised: Registers at 0x3f200000
[   30.422587] bcm2835-wdt 3f100000.watchdog: Broadcom BCM2835 watchdog timer
[   30.719593] brcmfmac: brcmf_add_if: ERROR: netdev:wlan0 already exists
[   30.719619] brcmfmac: brcmf_add_if: ignore IF event
[   30.724431] IPv6: ADDRCONF(NETDEV_UP): wlan0: link is not ready
[   30.724476] brcmfmac: power management disabled
[   30.936244] uart-pl011 3f201000.uart: no DMA platform data
[   31.359865] Adding 102396k swap on /var/swap.  Priority:-1 extents:3 across:200700k SSFS
[   31.382580] cfg80211: Regulatory domain changed to country: SE
[   31.382608] cfg80211:  DFS Master region: ETSI
[   31.382619] cfg80211:   (start_freq - end_freq @ bandwidth), (max_antenna_gain, max_eirp), (dfs_cac_time)
[   31.382635] cfg80211:   (2402000 KHz - 2482000 KHz @ 40000 KHz), (N/A, 2000 mBm), (N/A)
[   31.382656] cfg80211:   (5170000 KHz - 5250000 KHz @ 80000 KHz, 160000 KHz AUTO), (N/A, 2000 mBm), (N/A)
[   31.382690] cfg80211:   (5250000 KHz - 5330000 KHz @ 80000 KHz, 160000 KHz AUTO), (N/A, 2000 mBm), (0 s)
[   31.382704] cfg80211:   (5490000 KHz - 5710000 KHz @ 160000 KHz), (N/A, 2700 mBm), (0 s)
[   31.382722] cfg80211:   (57000000 KHz - 66000000 KHz @ 2160000 KHz), (N/A, 4000 mBm), (N/A)
[   31.861443] smsc95xx 1-1.1:1.0 eth0: hardware isn't capable of remote wakeup
[   31.861672] IPv6: ADDRCONF(NETDEV_UP): eth0: link is not ready
[   33.496181] IPv6: ADDRCONF(NETDEV_CHANGE): eth0: link becomes ready
[   33.497098] smsc95xx 1-1.1:1.0 eth0: link up, 100Mbps, full-duplex, lpa 0xC1E1
[   35.454542] Bluetooth: Core ver 2.21
[   35.454628] NET: Registered protocol family 31
[   35.454638] Bluetooth: HCI device and connection manager initialized
[   35.454662] Bluetooth: HCI socket layer initialized
[   35.454679] Bluetooth: L2CAP socket layer initialized
[   35.454714] Bluetooth: SCO socket layer initialized
[   35.461886] Bluetooth: HCI UART driver ver 2.3
[   35.461910] Bluetooth: HCI UART protocol H4 registered
[   35.461919] Bluetooth: HCI UART protocol Three-wire (H5) registered
[   35.462093] Bluetooth: HCI UART protocol BCM registered
[   35.700347] Bluetooth: BNEP (Ethernet Emulation) ver 1.3
[   35.700367] Bluetooth: BNEP filters: protocol multicast
[   35.700389] Bluetooth: BNEP socket layer initialized
