[    0.000000] Booting Linux on physical CPU 0x0
[    0.000000] Initializing cgroup subsys cpuset
[    0.000000] Initializing cgroup subsys cpu
[    0.000000] Initializing cgroup subsys cpuacct
[    0.000000] Linux version 4.4.14-v7+ (root@raspberrypi) (gcc version 4.9.2 (Raspbian 4.9.2-10) ) #1 SMP Mon Jun 27 09:32:50 CEST 2016
[    0.000000] CPU: ARMv7 Processor [410fd034] revision 4 (ARMv7), cr=10c5383d
[    0.000000] CPU: PIPT / VIPT nonaliasing data cache, VIPT aliasing instruction cache
[    0.000000] Machine model: Raspberry Pi 3 Model B Rev 1.2
[    0.000000] cma: Reserved 8 MiB at 0x3a800000
[    0.000000] Memory policy: Data cache writealloc
[    0.000000] On node 0 totalpages: 241664
[    0.000000] free_area_init_node: node 0, pgdat 808c7040, node_mem_map b9fa6000
[    0.000000]   Normal zone: 2124 pages used for memmap
[    0.000000]   Normal zone: 0 pages reserved
[    0.000000]   Normal zone: 241664 pages, LIFO batch:31
[    0.000000] [bcm2709_smp_init_cpus] enter (9520->f3003010)
[    0.000000] [bcm2709_smp_init_cpus] ncores=4
[    0.000000] PERCPU: Embedded 13 pages/cpu @b9f62000 s22592 r8192 d22464 u53248
[    0.000000] pcpu-alloc: s22592 r8192 d22464 u53248 alloc=13*4096
[    0.000000] pcpu-alloc: [0] 0 [0] 1 [0] 2 [0] 3 
[    0.000000] Built 1 zonelists in Zone order, mobility grouping on.  Total pages: 239540
[    0.000000] Kernel command line: 8250.nr_uarts=0 dma.dmachans=0x7f35 bcm2708_fb.fbwidth=1920 bcm2708_fb.fbheight=1080 bcm2709.boardrev=0xa02082 bcm2709.serial=0xe230e94 smsc95xx.macaddr=B8:27:EB:23:0E:94 bcm2708_fb.fbswap=1 bcm2709.uart_clock=48000000 vc_mem.mem_base=0x3dc00000 vc_mem.mem_size=0x3f000000  dwc_otg.lpm_enable=0 console=ttyS0,115200 console=tty1 root=/dev/mmcblk0p2 rootfstype=ext4 elevator=deadline fsck.repair=yes i2c-hid.debug=yes rootwait
[    0.000000] PID hash table entries: 4096 (order: 2, 16384 bytes)
[    0.000000] Dentry cache hash table entries: 131072 (order: 7, 524288 bytes)
[    0.000000] Inode-cache hash table entries: 65536 (order: 6, 262144 bytes)
[    0.000000] Memory: 939056K/966656K available (6361K kernel code, 432K rwdata, 1720K rodata, 476K init, 764K bss, 19408K reserved, 8192K cma-reserved)
[    0.000000] Virtual kernel memory layout:
    vector  : 0xffff0000 - 0xffff1000   (   4 kB)
    fixmap  : 0xffc00000 - 0xfff00000   (3072 kB)
    vmalloc : 0xbb800000 - 0xff800000   (1088 MB)
    lowmem  : 0x80000000 - 0xbb000000   ( 944 MB)
    modules : 0x7f000000 - 0x80000000   (  16 MB)
      .text : 0x80008000 - 0x807ec8a8   (8083 kB)
      .init : 0x807ed000 - 0x80864000   ( 476 kB)
      .data : 0x80864000 - 0x808d0348   ( 433 kB)
       .bss : 0x808d3000 - 0x809921ac   ( 765 kB)
[    0.000000] SLUB: HWalign=64, Order=0-3, MinObjects=0, CPUs=4, Nodes=1
[    0.000000] Hierarchical RCU implementation.
[    0.000000] 	Build-time adjustment of leaf fanout to 32.
[    0.000000] NR_IRQS:16 nr_irqs:16 16
[    0.000000] Architected cp15 timer(s) running at 19.20MHz (phys).
[    0.000000] clocksource: arch_sys_counter: mask: 0xffffffffffffff max_cycles: 0x46d987e47, max_idle_ns: 440795202767 ns
[    0.000009] sched_clock: 56 bits at 19MHz, resolution 52ns, wraps every 4398046511078ns
[    0.000027] Switching to timer-based delay loop, resolution 52ns
[    0.000289] Console: colour dummy device 80x30
[    0.001328] console [tty1] enabled
[    0.001373] Calibrating delay loop (skipped), value calculated using timer frequency.. 38.40 BogoMIPS (lpj=192000)
[    0.001441] pid_max: default: 32768 minimum: 301
[    0.001776] Mount-cache hash table entries: 2048 (order: 1, 8192 bytes)
[    0.001820] Mountpoint-cache hash table entries: 2048 (order: 1, 8192 bytes)
[    0.002766] Disabling cpuset control group subsystem
[    0.002823] Initializing cgroup subsys io
[    0.002875] Initializing cgroup subsys memory
[    0.002937] Initializing cgroup subsys devices
[    0.002980] Initializing cgroup subsys freezer
[    0.003022] Initializing cgroup subsys net_cls
[    0.003093] CPU: Testing write buffer coherency: ok
[    0.003180] ftrace: allocating 21260 entries in 63 pages
[    0.052969] CPU0: update cpu_capacity 1024
[    0.053038] CPU0: thread -1, cpu 0, socket 0, mpidr 80000000
[    0.053071] [bcm2709_smp_prepare_cpus] enter
[    0.053229] Setting up static identity map for 0x8240 - 0x8274
[    0.054887] [bcm2709_boot_secondary] cpu:1 started (0) 18
[    0.055100] [bcm2709_secondary_init] enter cpu:1
[    0.055141] CPU1: update cpu_capacity 1024
[    0.055147] CPU1: thread -1, cpu 1, socket 0, mpidr 80000001
[    0.055521] [bcm2709_boot_secondary] cpu:2 started (0) 16
[    0.055685] [bcm2709_secondary_init] enter cpu:2
[    0.055706] CPU2: update cpu_capacity 1024
[    0.055712] CPU2: thread -1, cpu 2, socket 0, mpidr 80000002
[    0.056071] [bcm2709_boot_secondary] cpu:3 started (0) 17
[    0.056201] [bcm2709_secondary_init] enter cpu:3
[    0.056221] CPU3: update cpu_capacity 1024
[    0.056227] CPU3: thread -1, cpu 3, socket 0, mpidr 80000003
[    0.056288] Brought up 4 CPUs
[    0.056386] SMP: Total of 4 processors activated (153.60 BogoMIPS).
[    0.056416] CPU: All CPU(s) started in HYP mode.
[    0.056442] CPU: Virtualization extensions available.
[    0.057074] devtmpfs: initialized
[    0.067492] VFP support v0.3: implementor 41 architecture 3 part 40 variant 3 rev 4
[    0.067867] clocksource: jiffies: mask: 0xffffffff max_cycles: 0xffffffff, max_idle_ns: 19112604462750000 ns
[    0.068588] pinctrl core: initialized pinctrl subsystem
[    0.069130] NET: Registered protocol family 16
[    0.074331] DMA: preallocated 4096 KiB pool for atomic coherent allocations
[    0.081325] hw-breakpoint: found 5 (+1 reserved) breakpoint and 4 watchpoint registers.
[    0.081375] hw-breakpoint: maximum watchpoint size is 8 bytes.
[    0.081544] Serial: AMBA PL011 UART driver
[    0.081699] uart-pl011 3f201000.uart: could not find pctldev for node /soc/gpio@7e200000/uart0_pins, deferring probe
[    0.081901] bcm2835-mbox 3f00b880.mailbox: mailbox enabled
[    0.145095] bcm2835-dma 3f007000.dma: DMA legacy API manager at f3007000, dmachans=0x1
[    0.145708] SCSI subsystem initialized
[    0.145911] usbcore: registered new interface driver usbfs
[    0.146029] usbcore: registered new interface driver hub
[    0.146148] usbcore: registered new device driver usb
[    0.152508] raspberrypi-firmware soc:firmware: Attached to firmware from 2016-05-20 19:01
[    0.179710] clocksource: Switched to clocksource arch_sys_counter
[    0.224402] FS-Cache: Loaded
[    0.224701] CacheFiles: Loaded
[    0.237127] NET: Registered protocol family 2
[    0.237995] TCP established hash table entries: 8192 (order: 3, 32768 bytes)
[    0.238133] TCP bind hash table entries: 8192 (order: 4, 65536 bytes)
[    0.238344] TCP: Hash tables configured (established 8192 bind 8192)
[    0.238459] UDP hash table entries: 512 (order: 2, 16384 bytes)
[    0.238527] UDP-Lite hash table entries: 512 (order: 2, 16384 bytes)
[    0.238778] NET: Registered protocol family 1
[    0.239114] RPC: Registered named UNIX socket transport module.
[    0.239146] RPC: Registered udp transport module.
[    0.239174] RPC: Registered tcp transport module.
[    0.239202] RPC: Registered tcp NFSv4.1 backchannel transport module.
[    0.240315] hw perfevents: enabled with armv7_cortex_a7 PMU driver, 7 counters available
[    0.241694] futex hash table entries: 1024 (order: 4, 65536 bytes)
[    0.255155] VFS: Disk quotas dquot_6.6.0
[    0.255487] VFS: Dquot-cache hash table entries: 1024 (order 0, 4096 bytes)
[    0.257793] FS-Cache: Netfs 'nfs' registered for caching
[    0.258730] NFS: Registering the id_resolver key type
[    0.258803] Key type id_resolver registered
[    0.258831] Key type id_legacy registered
[    0.261218] Block layer SCSI generic (bsg) driver version 0.4 loaded (major 252)
[    0.261374] io scheduler noop registered
[    0.261410] io scheduler deadline registered (default)
[    0.261480] io scheduler cfq registered
[    0.263999] BCM2708FB: allocated DMA memory fac00000
[    0.264047] BCM2708FB: allocated DMA channel 0 @ f3007000
[    0.294498] Console: switching to colour frame buffer device 240x67
[    1.362644] bcm2835-rng 3f104000.rng: hwrng registered
[    1.362892] vc-cma: Videocore CMA driver
[    1.362969] vc-cma: vc_cma_base      = 0x00000000
[    1.363052] vc-cma: vc_cma_size      = 0x00000000 (0 MiB)
[    1.363143] vc-cma: vc_cma_initial   = 0x00000000 (0 MiB)
[    1.363458] vc-mem: phys_addr:0x00000000 mem_base=0x3dc00000 mem_size:0x3f000000(1008 MiB)
[    1.378462] brd: module loaded
[    1.387274] loop: module loaded
[    1.388285] vchiq: vchiq_init_state: slot_zero = 0xbac80000, is_master = 0
[    1.389968] Loading iSCSI transport class v2.0-870.
[    1.390709] usbcore: registered new interface driver smsc95xx
[    1.390851] dwc_otg: version 3.00a 10-AUG-2012 (platform bus)
[    1.591203] Core Release: 2.80a
[    1.591275] Setting default values for core params
[    1.591384] Finished setting default values for core params
[    1.791839] Using Buffer DMA mode
[    1.791905] Periodic Transfer Interrupt Enhancement - disabled
[    1.792002] Multiprocessor Interrupt Enhancement - disabled
[    1.792095] OTG VER PARAM: 0, OTG VER FLAG: 0
[    1.792178] Dedicated Tx FIFOs mode
[    1.792531] WARN::dwc_otg_hcd_init:1047: FIQ DMA bounce buffers: virt = 0xbac14000 dma = 0xfac14000 len=9024
[    1.792708] FIQ FSM acceleration enabled for :
Non-periodic Split Transactions
Periodic Split Transactions
High-Speed Isochronous Endpoints
Interrupt/Control Split Transaction hack enabled
[    1.793046] dwc_otg: Microframe scheduler enabled
[    1.793099] WARN::hcd_init_fiq:413: FIQ on core 1 at 0x80446f9c
[    1.793207] WARN::hcd_init_fiq:414: FIQ ASM at 0x8044730c length 36
[    1.793318] WARN::hcd_init_fiq:439: MPHI regs_base at 0xbbc7e000
[    1.793473] dwc_otg 3f980000.usb: DWC OTG Controller
[    1.793588] dwc_otg 3f980000.usb: new USB bus registered, assigned bus number 1
[    1.793733] dwc_otg 3f980000.usb: irq 62, io mem 0x00000000
[    1.798322] Init: Port Power? op_state=1
[    1.802871] Init: Power Port (0)
[    1.807582] usb usb1: New USB device found, idVendor=1d6b, idProduct=0002
[    1.812176] usb usb1: New USB device strings: Mfr=3, Product=2, SerialNumber=1
[    1.816735] usb usb1: Product: DWC OTG Controller
[    1.821274] usb usb1: Manufacturer: Linux 4.4.14-v7+ dwc_otg_hcd
[    1.825802] usb usb1: SerialNumber: 3f980000.usb
[    1.831121] hub 1-0:1.0: USB hub found
[    1.835618] hub 1-0:1.0: 1 port detected
[    1.840667] dwc_otg: FIQ enabled
[    1.840677] dwc_otg: NAK holdoff enabled
[    1.840685] dwc_otg: FIQ split-transaction FSM enabled
[    1.840726] Module dwc_common_port init
[    1.841007] usbcore: registered new interface driver usb-storage
[    1.845772] mousedev: PS/2 mouse device common for all mice
[    1.851077] bcm2835-cpufreq: min=600000 max=1200000
[    1.855911] sdhci: Secure Digital Host Controller Interface driver
[    1.860478] sdhci: Copyright(c) Pierre Ossman
[    1.865295] sdhost: log_buf @ bac13000 (fac13000)
[    1.949741] mmc0: sdhost-bcm2835 loaded - DMA enabled (>1)
[    1.956484] mmc-bcm2835 3f300000.mmc: mmc_debug:0 mmc_debug2:0
[    1.960972] mmc-bcm2835 3f300000.mmc: DMA channel allocated
[    2.009834] sdhci-pltfm: SDHCI platform and OF driver helper
[    2.014642] ledtrig-cpu: registered to indicate activity on CPUs
[    2.019173] hidraw: raw HID events driver (C) Jiri Kosina
[    2.023944] usbcore: registered new interface driver usbhid
[    2.028386] usbhid: USB HID core driver
[    2.033362] Initializing XFRM netlink socket
[    2.037778] NET: Registered protocol family 17
[    2.042285] Indeed it is in host mode hprt0 = 00021501
[    2.049048] mmc0: host does not support reading read-only switch, assuming write-enable
[    2.057011] mmc0: new high speed SDHC card at address aaaa
[    2.062059] Key type dns_resolver registered
[    2.062127] mmcblk0: mmc0:aaaa SL08G 7.40 GiB
[    2.071604] Registering SWP/SWPB emulation handler
[    2.071946]  mmcblk0: p1 p2
[    2.081373] registered taskstats version 1
[    2.086045] vc-sm: Videocore shared memory driver
[    2.089889] mmc1: queuing unknown CIS tuple 0x80 (2 bytes)
[    2.091440] mmc1: queuing unknown CIS tuple 0x80 (3 bytes)
[    2.092985] mmc1: queuing unknown CIS tuple 0x80 (3 bytes)
[    2.095764] mmc1: queuing unknown CIS tuple 0x80 (7 bytes)
[    2.108315] [vc_sm_connected_init]: start
[    2.113183] [vc_sm_connected_init]: end - returning 0
[    2.118886] 3f201000.uart: ttyAMA0 at MMIO 0x3f201000 (irq = 87, base_baud = 0) is a PL011 rev2
[    2.123722] of_cfs_init
[    2.128164] of_cfs_init: OK
[    2.152944] EXT4-fs (mmcblk0p2): mounted filesystem with ordered data mode. Opts: (null)
[    2.157482] VFS: Mounted root (ext4 filesystem) readonly on device 179:2.
[    2.169877] devtmpfs: mounted
[    2.175041] Freeing unused kernel memory: 476K (807ed000 - 80864000)
[    2.186938] mmc1: new high speed SDIO card at address 0001
[    2.219749] usb 1-1: new high-speed USB device number 2 using dwc_otg
[    2.224411] Indeed it is in host mode hprt0 = 00001101
[    2.420040] usb 1-1: New USB device found, idVendor=0424, idProduct=9514
[    2.424550] usb 1-1: New USB device strings: Mfr=0, Product=0, SerialNumber=0
[    2.429891] hub 1-1:1.0: USB hub found
[    2.431009] random: systemd urandom read with 42 bits of entropy available
[    2.438921] hub 1-1:1.0: 5 ports detected
[    2.447463] systemd[1]: systemd 215 running in system mode. (+PAM +AUDIT +SELINUX +IMA +SYSVINIT +LIBCRYPTSETUP +GCRYPT +ACL +XZ -SECCOMP -APPARMOR)
[    2.452662] systemd[1]: Detected architecture 'arm'.
[    2.595194] NET: Registered protocol family 10
[    2.601508] systemd[1]: Inserted module 'ipv6'
[    2.609144] systemd[1]: Set hostname to <raspberrypi>.
[    2.719797] usb 1-1.1: new high-speed USB device number 3 using dwc_otg
[    2.840106] usb 1-1.1: New USB device found, idVendor=0424, idProduct=ec00
[    2.844925] usb 1-1.1: New USB device strings: Mfr=0, Product=0, SerialNumber=0
[    2.852663] smsc95xx v1.0.4
[    2.913413] smsc95xx 1-1.1:1.0 eth0: register 'smsc95xx' at usb-3f980000.usb-1.1, smsc95xx USB 2.0 Ethernet, b8:27:eb:23:0e:94
[    3.007457] systemd[1]: Cannot add dependency job for unit display-manager.service, ignoring: Unit display-manager.service failed to load: No such file or directory.
[    3.009823] usb 1-1.3: new low-speed USB device number 4 using dwc_otg
[    3.020998] systemd[1]: Starting Forward Password Requests to Wall Directory Watch.
[    3.026525] systemd[1]: Started Forward Password Requests to Wall Directory Watch.
[    3.031871] systemd[1]: Starting Remote File Systems (Pre).
[    3.043191] systemd[1]: Reached target Remote File Systems (Pre).
[    3.048420] systemd[1]: Starting Encrypted Volumes.
[    3.059691] systemd[1]: Reached target Encrypted Volumes.
[    3.065019] systemd[1]: Starting Arbitrary Executable File Formats File System Automount Point.
[    3.077050] systemd[1]: Set up automount Arbitrary Executable File Formats File System Automount Point.
[    3.082512] systemd[1]: Starting Swap.
[    3.094012] systemd[1]: Reached target Swap.
[    3.099367] systemd[1]: Expecting device dev-mmcblk0p1.device...
[    3.110993] systemd[1]: Starting Root Slice.
[    3.122584] systemd[1]: Created slice Root Slice.
[    3.127909] systemd[1]: Starting User and Session Slice.
[    3.139886] systemd[1]: Created slice User and Session Slice.
[    3.145271] systemd[1]: Starting /dev/initctl Compatibility Named Pipe.
[    3.157384] systemd[1]: Listening on /dev/initctl Compatibility Named Pipe.
[    3.162909] systemd[1]: Starting Delayed Shutdown Socket.
[    3.173652] usb 1-1.3: New USB device found, idVendor=413c, idProduct=2107
[    3.173661] usb 1-1.3: New USB device strings: Mfr=1, Product=2, SerialNumber=0
[    3.173669] usb 1-1.3: Product: Dell USB Entry Keyboard
[    3.173676] usb 1-1.3: Manufacturer: Dell
[    3.197577] systemd[1]: Listening on Delayed Shutdown Socket.
[    3.203257] systemd[1]: Starting Journal Socket (/dev/log).
[    3.215716] systemd[1]: Listening on Journal Socket (/dev/log).
[    3.221403] systemd[1]: Starting udev Control Socket.
[    3.229075] input: Dell Dell USB Entry Keyboard as /devices/platform/soc/3f980000.usb/usb1/1-1/1-1.3/1-1.3:1.0/0003:413C:2107.0001/input/input0
[    3.239552] systemd[1]: Listening on udev Control Socket.
[    3.245374] systemd[1]: Starting udev Kernel Socket.
[    3.257723] systemd[1]: Listening on udev Kernel Socket.
[    3.263482] systemd[1]: Starting Journal Socket.
[    3.275795] systemd[1]: Listening on Journal Socket.
[    3.281551] hid-generic 0003:413C:2107.0001: input,hidraw0: USB HID v1.10 Keyboard [Dell Dell USB Entry Keyboard] on usb-3f980000.usb-1.3/input0
[    3.281623] systemd[1]: Starting System Slice.
[    3.299523] systemd[1]: Created slice System Slice.
[    3.305285] systemd[1]: Starting File System Check on Root Device...
[    3.340279] systemd[1]: Starting system-systemd\x2dfsck.slice.
[    3.353937] systemd[1]: Created slice system-systemd\x2dfsck.slice.
[    3.360098] systemd[1]: Starting system-getty.slice.
[    3.373896] systemd[1]: Created slice system-getty.slice.
[    3.380073] systemd[1]: Starting Increase datagram queue length...
[    3.395930] systemd[1]: Starting Restore / save the current clock...
[    3.427213] systemd[1]: Started Set Up Additional Binary Formats.
[    3.433297] systemd[1]: Mounted Huge Pages File System.
[    3.439446] systemd[1]: Starting udev Coldplug all Devices...
[    3.455062] systemd[1]: Starting Create list of required static device nodes for the current kernel...
[    3.511370] systemd[1]: Starting Load Kernel Modules...
[    3.571124] systemd[1]: Mounting Debug File System...
[    3.587191] systemd[1]: Mounting POSIX Message Queue File System...
[    3.603088] systemd[1]: Starting Slices.
[    3.614022] fuse init (API version 7.23)
[    3.622486] systemd[1]: Reached target Slices.
[    3.636716] i2c /dev entries driver
[    3.642674] systemd[1]: Mounted POSIX Message Queue File System.
[    3.654540] systemd[1]: Mounted Debug File System.
[    3.667374] systemd[1]: Started File System Check on Root Device.
[    3.688781] systemd[1]: Started Increase datagram queue length.
[    3.701631] systemd[1]: Started Restore / save the current clock.
[    3.748899] systemd[1]: Started Create list of required static device nodes for the current kernel.
[    3.762418] systemd[1]: Started Load Kernel Modules.
[    3.772376] systemd[1]: Time has been changed
[    3.794447] systemd[1]: Started udev Coldplug all Devices.
[    3.937370] systemd[1]: Starting Apply Kernel Variables...
[    4.010608] systemd[1]: Mounting Configuration File System...
[    4.025995] systemd[1]: Mounting FUSE Control File System...
[    4.036053] systemd[1]: Starting Create Static Device Nodes in /dev...
[    4.046308] systemd[1]: Starting Syslog Socket.
[    4.053890] systemd[1]: Listening on Syslog Socket.
[    4.054044] systemd[1]: Starting Journal Service...
[    4.070959] systemd[1]: Started Journal Service.
[    4.257647] systemd-udevd[137]: starting version 215
[    4.508060] gpiomem-bcm2835 3f200000.gpiomem: Initialised: Registers at 0x3f200000
[    4.515958] i2c_hid 1-0040: Fetching the HID descriptor
[    4.515995] i2c_hid 1-0040: __i2c_hid_command: cmd=01 00
[    4.597746] i2c_hid 1-0040: HID Descriptor: 1e 00 00 01 8d 0c 02 00 03 00 0d 00 00 00 00 00 05 00 06 00 d8 04 01 0f 50 71 00 00 00 00
[    4.600685] i2c_hid 1-0040: entering i2c_hid_parse
[    4.600711] i2c_hid 1-0040: i2c_hid_hwreset
[    4.600726] i2c_hid 1-0040: i2c_hid_set_power
[    4.600743] i2c_hid 1-0040: __i2c_hid_command: cmd=05 00 00 08
[    4.613752] i2c_hid 1-0040: resetting...
[    4.613784] i2c_hid 1-0040: __i2c_hid_command: cmd=05 00 00 01
[    4.626883] i2c_hid 1-0040: __i2c_hid_command: waiting...
[    4.788756] usbcore: registered new interface driver brcmfmac
[    4.937369] EXT4-fs (mmcblk0p2): re-mounted. Opts: (null)
[    4.938284] brcmfmac: brcmf_c_preinit_dcmds: Firmware version = wl0: Dec 15 2015 18:10:45 version 7.45.41.23 (r606571) FWID 01-cc4eda9c
[    4.960388] cfg80211: World regulatory domain updated:
[    4.960400] cfg80211:  DFS Master region: unset
[    4.960401] cfg80211:   (start_freq - end_freq @ bandwidth), (max_antenna_gain, max_eirp), (dfs_cac_time)
[    4.960416] cfg80211:   (2402000 KHz - 2472000 KHz @ 40000 KHz), (N/A, 2000 mBm), (N/A)
[    4.960422] cfg80211:   (2457000 KHz - 2482000 KHz @ 40000 KHz), (N/A, 2000 mBm), (N/A)
[    4.960430] cfg80211:   (2474000 KHz - 2494000 KHz @ 20000 KHz), (N/A, 2000 mBm), (N/A)
[    4.960439] cfg80211:   (5170000 KHz - 5250000 KHz @ 80000 KHz, 160000 KHz AUTO), (N/A, 2000 mBm), (N/A)
[    4.960447] cfg80211:   (5250000 KHz - 5330000 KHz @ 80000 KHz, 160000 KHz AUTO), (N/A, 2000 mBm), (0 s)
[    4.960454] cfg80211:   (5490000 KHz - 5730000 KHz @ 160000 KHz), (N/A, 2000 mBm), (0 s)
[    4.960461] cfg80211:   (5735000 KHz - 5835000 KHz @ 80000 KHz), (N/A, 2000 mBm), (N/A)
[    4.960469] cfg80211:   (57240000 KHz - 63720000 KHz @ 2160000 KHz), (N/A, 0 mBm), (N/A)
[    4.961087] brcmfmac: brcmf_cfg80211_reg_notifier: not a ISO3166 code
[    5.153254] random: nonblocking pool is initialized
[    5.447023] systemd-journald[135]: Received request to flush runtime journal from PID 1
[    9.619748] i2c_hid 1-0040: __i2c_hid_command: finished.
[    9.619770] i2c_hid 1-0040: failed to reset device.
[    9.619783] i2c_hid 1-0040: i2c_hid_set_power
[    9.619797] i2c_hid 1-0040: __i2c_hid_command: cmd=05 00 01 08
[   10.639749] i2c i2c-1: transfer timed out
[   10.649740] i2c_hid 1-0040: i2c_hid_hwreset
[   10.649761] i2c_hid 1-0040: i2c_hid_set_power
[   10.649776] i2c_hid 1-0040: __i2c_hid_command: cmd=05 00 00 08
[   11.639745] i2c i2c-1: transfer timed out
[   12.639751] i2c i2c-1: transfer timed out
[   13.639741] i2c i2c-1: transfer timed out
[   14.639745] i2c i2c-1: transfer timed out
[   15.639746] i2c i2c-1: transfer timed out
[   16.639745] i2c i2c-1: transfer timed out
[   17.639745] i2c i2c-1: transfer timed out
[   18.639743] i2c i2c-1: transfer timed out
[   19.639746] i2c i2c-1: transfer timed out
[   20.639750] i2c i2c-1: transfer timed out
[   21.639749] i2c i2c-1: transfer timed out
[   22.639750] i2c i2c-1: transfer timed out
[   23.639744] i2c i2c-1: transfer timed out
[   24.639750] i2c i2c-1: transfer timed out
[   25.639748] i2c i2c-1: transfer timed out
[   26.639748] i2c i2c-1: transfer timed out
[   27.639750] i2c i2c-1: transfer timed out
[   28.639741] i2c i2c-1: transfer timed out
[   29.639746] i2c i2c-1: transfer timed out
[   30.639749] i2c i2c-1: transfer timed out
[   31.639746] i2c i2c-1: transfer timed out
[   32.639746] i2c i2c-1: transfer timed out
[   33.639748] i2c i2c-1: transfer timed out
[   34.639748] i2c i2c-1: transfer timed out
[   35.639750] i2c i2c-1: transfer timed out
[   36.639748] i2c i2c-1: transfer timed out
[   37.639749] i2c i2c-1: transfer timed out
[   38.639757] i2c i2c-1: transfer timed out
[   39.639751] i2c i2c-1: transfer timed out
[   40.639750] i2c i2c-1: transfer timed out
[   41.639748] i2c i2c-1: transfer timed out
[   42.639750] i2c i2c-1: transfer timed out
[   43.639750] i2c i2c-1: transfer timed out
[   44.639751] i2c i2c-1: transfer timed out
[   45.639750] i2c i2c-1: transfer timed out
[   46.639749] i2c i2c-1: transfer timed out
[   47.639747] i2c i2c-1: transfer timed out
[   48.639749] i2c i2c-1: transfer timed out
[   49.639750] i2c i2c-1: transfer timed out
[   50.639751] i2c i2c-1: transfer timed out
[   51.639750] i2c i2c-1: transfer timed out
[   52.639746] i2c i2c-1: transfer timed out
[   53.639748] i2c i2c-1: transfer timed out
[   54.639750] i2c i2c-1: transfer timed out
[   55.639748] i2c i2c-1: transfer timed out
[   56.639748] i2c i2c-1: transfer timed out
[   57.639754] i2c i2c-1: transfer timed out
[   58.639750] i2c i2c-1: transfer timed out
[   59.639751] i2c i2c-1: transfer timed out
[   60.639748] i2c i2c-1: transfer timed out
[   61.639747] i2c i2c-1: transfer timed out
[   62.639746] i2c i2c-1: transfer timed out
[   63.639749] i2c i2c-1: transfer timed out
[   64.639746] i2c i2c-1: transfer timed out
[   65.639745] i2c i2c-1: transfer timed out
[   66.639750] i2c i2c-1: transfer timed out
[   67.639747] i2c i2c-1: transfer timed out
[   68.639748] i2c i2c-1: transfer timed out
[   69.639750] i2c i2c-1: transfer timed out
[   70.639749] i2c i2c-1: transfer timed out
[   71.639748] i2c i2c-1: transfer timed out
[   72.639752] i2c i2c-1: transfer timed out
[   73.639750] i2c i2c-1: transfer timed out
[   74.639746] i2c i2c-1: transfer timed out
[   75.639749] i2c i2c-1: transfer timed out
[   76.639747] i2c i2c-1: transfer timed out
[   77.639747] i2c i2c-1: transfer timed out
[   78.639750] i2c i2c-1: transfer timed out
[   79.639747] i2c i2c-1: transfer timed out
[   80.639746] i2c i2c-1: transfer timed out
[   81.639747] i2c i2c-1: transfer timed out
[   82.639750] i2c i2c-1: transfer timed out
[   83.639749] i2c i2c-1: transfer timed out
[   84.639751] i2c i2c-1: transfer timed out
[   85.639749] i2c i2c-1: transfer timed out
[   86.639748] i2c i2c-1: transfer timed out
[   87.639751] i2c i2c-1: transfer timed out
[   88.639748] i2c i2c-1: transfer timed out
[   89.639749] i2c i2c-1: transfer timed out
[   90.639751] i2c i2c-1: transfer timed out
[   91.639747] i2c i2c-1: transfer timed out
[   92.639746] i2c i2c-1: transfer timed out
[   93.639750] i2c i2c-1: transfer timed out
[   94.639746] i2c i2c-1: transfer timed out
[   95.639746] i2c i2c-1: transfer timed out
[   96.639749] i2c i2c-1: transfer timed out
[   97.639748] i2c i2c-1: transfer timed out
[   98.639750] i2c i2c-1: transfer timed out
[   99.639751] i2c i2c-1: transfer timed out
[  100.639749] i2c i2c-1: transfer timed out
[  101.639749] i2c i2c-1: transfer timed out
[  102.639751] i2c i2c-1: transfer timed out
[  103.639748] i2c i2c-1: transfer timed out
[  104.639746] i2c i2c-1: transfer timed out
[  105.639748] i2c i2c-1: transfer timed out
[  106.639746] i2c i2c-1: transfer timed out
[  107.639746] i2c i2c-1: transfer timed out
[  108.639747] i2c i2c-1: transfer timed out
[  109.639747] i2c i2c-1: transfer timed out
[  110.639747] i2c i2c-1: transfer timed out
[  111.639749] i2c i2c-1: transfer timed out
[  112.639749] i2c i2c-1: transfer timed out
[  113.639751] i2c i2c-1: transfer timed out
[  114.639750] i2c i2c-1: transfer timed out
[  115.639749] i2c i2c-1: transfer timed out
[  116.639749] i2c i2c-1: transfer timed out
[  117.639753] i2c i2c-1: transfer timed out
[  118.639750] i2c i2c-1: transfer timed out
[  119.639752] i2c i2c-1: transfer timed out
[  120.639747] i2c i2c-1: transfer timed out
[  121.639749] i2c i2c-1: transfer timed out
[  122.639748] i2c i2c-1: transfer timed out
[  123.639749] i2c i2c-1: transfer timed out
[  124.639747] i2c i2c-1: transfer timed out
[  125.639747] i2c i2c-1: transfer timed out
[  126.639749] i2c i2c-1: transfer timed out
[  127.639749] i2c i2c-1: transfer timed out
[  128.639751] i2c i2c-1: transfer timed out
[  129.639750] i2c i2c-1: transfer timed out
[  130.639748] i2c i2c-1: transfer timed out
[  131.639749] i2c i2c-1: transfer timed out
[  132.639753] i2c i2c-1: transfer timed out
[  133.639754] i2c i2c-1: transfer timed out
[  134.639750] i2c i2c-1: transfer timed out
[  135.639752] i2c i2c-1: transfer timed out
[  136.639751] i2c i2c-1: transfer timed out
[  137.639751] i2c i2c-1: transfer timed out
[  138.639752] i2c i2c-1: transfer timed out
[  139.639751] i2c i2c-1: transfer timed out
[  140.639751] i2c i2c-1: transfer timed out
[  141.639754] i2c i2c-1: transfer timed out
[  142.639749] i2c i2c-1: transfer timed out
[  143.639742] i2c i2c-1: transfer timed out
[  143.639782] i2c_hid 1-0040: failed to change power setting.
[  144.639757] i2c i2c-1: transfer timed out
[  144.649743] i2c_hid 1-0040: i2c_hid_hwreset
[  144.649766] i2c_hid 1-0040: i2c_hid_set_power
[  144.649782] i2c_hid 1-0040: __i2c_hid_command: cmd=05 00 00 08
[  145.639754] i2c i2c-1: transfer timed out
[  146.639742] i2c i2c-1: transfer timed out
[  146.639778] i2c_hid 1-0040: failed to change power setting.
[  147.639755] i2c i2c-1: transfer timed out
[  147.649741] i2c_hid 1-0040: i2c_hid_hwreset
[  147.649774] i2c_hid 1-0040: i2c_hid_set_power
[  147.649789] i2c_hid 1-0040: __i2c_hid_command: cmd=05 00 00 08
[  148.639755] i2c i2c-1: transfer timed out
[  149.639743] i2c i2c-1: transfer timed out
[  149.639782] i2c_hid 1-0040: failed to change power setting.
[  150.639755] i2c i2c-1: transfer timed out
[  150.649742] i2c_hid 1-0040: can't add hid device: -110
[  151.639755] i2c i2c-1: transfer timed out
[  151.639864] i2c_hid: probe of 1-0040 failed with error -110
[  151.639908] bcm2708_i2c 3f804000.i2c: BSC1 Controller at 0x3f804000 (irq 83) (baudrate 100000)
[  151.640612] bcm2835-wdt 3f100000.watchdog: Broadcom BCM2835 watchdog timer
[  151.936823] brcmfmac: brcmf_add_if: ERROR: netdev:wlan0 already exists
[  151.936849] brcmfmac: brcmf_add_if: ignore IF event
[  151.942400] IPv6: ADDRCONF(NETDEV_UP): wlan0: link is not ready
[  151.942448] brcmfmac: power management disabled
[  152.132856] uart-pl011 3f201000.uart: no DMA platform data
[  152.567013] Adding 102396k swap on /var/swap.  Priority:-1 extents:3 across:200700k SSFS
[  152.592763] cfg80211: Regulatory domain changed to country: SE
[  152.592789] cfg80211:  DFS Master region: ETSI
[  152.592798] cfg80211:   (start_freq - end_freq @ bandwidth), (max_antenna_gain, max_eirp), (dfs_cac_time)
[  152.592814] cfg80211:   (2402000 KHz - 2482000 KHz @ 40000 KHz), (N/A, 2000 mBm), (N/A)
[  152.592830] cfg80211:   (5170000 KHz - 5250000 KHz @ 80000 KHz, 160000 KHz AUTO), (N/A, 2000 mBm), (N/A)
[  152.592845] cfg80211:   (5250000 KHz - 5330000 KHz @ 80000 KHz, 160000 KHz AUTO), (N/A, 2000 mBm), (0 s)
[  152.592859] cfg80211:   (5490000 KHz - 5710000 KHz @ 160000 KHz), (N/A, 2700 mBm), (0 s)
[  152.592872] cfg80211:   (57000000 KHz - 66000000 KHz @ 2160000 KHz), (N/A, 4000 mBm), (N/A)
[  152.911855] smsc95xx 1-1.1:1.0 eth0: hardware isn't capable of remote wakeup
[  152.912188] IPv6: ADDRCONF(NETDEV_UP): eth0: link is not ready
[  156.669401] Bluetooth: Core ver 2.21
[  156.669486] NET: Registered protocol family 31
[  156.669497] Bluetooth: HCI device and connection manager initialized
[  156.669519] Bluetooth: HCI socket layer initialized
[  156.669536] Bluetooth: L2CAP socket layer initialized
[  156.669568] Bluetooth: SCO socket layer initialized
[  156.678556] Bluetooth: HCI UART driver ver 2.3
[  156.678579] Bluetooth: HCI UART protocol H4 registered
[  156.678589] Bluetooth: HCI UART protocol Three-wire (H5) registered
[  156.678758] Bluetooth: HCI UART protocol BCM registered
[  156.927915] Bluetooth: BNEP (Ethernet Emulation) ver 1.3
[  156.927935] Bluetooth: BNEP filters: protocol multicast
[  156.927959] Bluetooth: BNEP socket layer initialized
