[    0.000000] Booting Linux on physical CPU 0x0
[    0.000000] Initializing cgroup subsys cpuset
[    0.000000] Initializing cgroup subsys cpu
[    0.000000] Initializing cgroup subsys cpuacct
[    0.000000] Linux version 4.4.14-v7+ (root@raspberrypi) (gcc version 4.9.2 (Raspbian 4.9.2-10) ) #1 SMP Mon Jun 27 09:32:50 CEST 2016
[    0.000000] CPU: ARMv7 Processor [410fd034] revision 4 (ARMv7), cr=10c5383d
[    0.000000] CPU: PIPT / VIPT nonaliasing data cache, VIPT aliasing instruction cache
[    0.000000] Machine model: Raspberry Pi 3 Model B Rev 1.2
[    0.000000] cma: Reserved 8 MiB at 0x3a800000
[    0.000000] Memory policy: Data cache writealloc
[    0.000000] On node 0 totalpages: 241664
[    0.000000] free_area_init_node: node 0, pgdat 808c7040, node_mem_map b9fa6000
[    0.000000]   Normal zone: 2124 pages used for memmap
[    0.000000]   Normal zone: 0 pages reserved
[    0.000000]   Normal zone: 241664 pages, LIFO batch:31
[    0.000000] [bcm2709_smp_init_cpus] enter (9520->f3003010)
[    0.000000] [bcm2709_smp_init_cpus] ncores=4
[    0.000000] PERCPU: Embedded 13 pages/cpu @b9f62000 s22592 r8192 d22464 u53248
[    0.000000] pcpu-alloc: s22592 r8192 d22464 u53248 alloc=13*4096
[    0.000000] pcpu-alloc: [0] 0 [0] 1 [0] 2 [0] 3 
[    0.000000] Built 1 zonelists in Zone order, mobility grouping on.  Total pages: 239540
[    0.000000] Kernel command line: 8250.nr_uarts=0 dma.dmachans=0x7f35 bcm2708_fb.fbwidth=1920 bcm2708_fb.fbheight=1080 bcm2709.boardrev=0xa02082 bcm2709.serial=0xe230e94 smsc95xx.macaddr=B8:27:EB:23:0E:94 bcm2708_fb.fbswap=1 bcm2709.uart_clock=48000000 vc_mem.mem_base=0x3dc00000 vc_mem.mem_size=0x3f000000  dwc_otg.lpm_enable=0 console=ttyS0,115200 console=tty1 root=/dev/mmcblk0p2 rootfstype=ext4 elevator=deadline fsck.repair=yes i2c-hid.debug=yes rootwait
[    0.000000] PID hash table entries: 4096 (order: 2, 16384 bytes)
[    0.000000] Dentry cache hash table entries: 131072 (order: 7, 524288 bytes)
[    0.000000] Inode-cache hash table entries: 65536 (order: 6, 262144 bytes)
[    0.000000] Memory: 939056K/966656K available (6361K kernel code, 432K rwdata, 1720K rodata, 476K init, 764K bss, 19408K reserved, 8192K cma-reserved)
[    0.000000] Virtual kernel memory layout:
    vector  : 0xffff0000 - 0xffff1000   (   4 kB)
    fixmap  : 0xffc00000 - 0xfff00000   (3072 kB)
    vmalloc : 0xbb800000 - 0xff800000   (1088 MB)
    lowmem  : 0x80000000 - 0xbb000000   ( 944 MB)
    modules : 0x7f000000 - 0x80000000   (  16 MB)
      .text : 0x80008000 - 0x807ec8a8   (8083 kB)
      .init : 0x807ed000 - 0x80864000   ( 476 kB)
      .data : 0x80864000 - 0x808d0348   ( 433 kB)
       .bss : 0x808d3000 - 0x809921ac   ( 765 kB)
[    0.000000] SLUB: HWalign=64, Order=0-3, MinObjects=0, CPUs=4, Nodes=1
[    0.000000] Hierarchical RCU implementation.
[    0.000000] 	Build-time adjustment of leaf fanout to 32.
[    0.000000] NR_IRQS:16 nr_irqs:16 16
[    0.000000] Architected cp15 timer(s) running at 19.20MHz (phys).
[    0.000000] clocksource: arch_sys_counter: mask: 0xffffffffffffff max_cycles: 0x46d987e47, max_idle_ns: 440795202767 ns
[    0.000009] sched_clock: 56 bits at 19MHz, resolution 52ns, wraps every 4398046511078ns
[    0.000026] Switching to timer-based delay loop, resolution 52ns
[    0.000292] Console: colour dummy device 80x30
[    0.001333] console [tty1] enabled
[    0.001380] Calibrating delay loop (skipped), value calculated using timer frequency.. 38.40 BogoMIPS (lpj=192000)
[    0.001448] pid_max: default: 32768 minimum: 301
[    0.001786] Mount-cache hash table entries: 2048 (order: 1, 8192 bytes)
[    0.001829] Mountpoint-cache hash table entries: 2048 (order: 1, 8192 bytes)
[    0.002786] Disabling cpuset control group subsystem
[    0.002843] Initializing cgroup subsys io
[    0.002896] Initializing cgroup subsys memory
[    0.002956] Initializing cgroup subsys devices
[    0.002999] Initializing cgroup subsys freezer
[    0.003041] Initializing cgroup subsys net_cls
[    0.003110] CPU: Testing write buffer coherency: ok
[    0.003194] ftrace: allocating 21260 entries in 63 pages
[    0.052274] CPU0: update cpu_capacity 1024
[    0.052340] CPU0: thread -1, cpu 0, socket 0, mpidr 80000000
[    0.052373] [bcm2709_smp_prepare_cpus] enter
[    0.052530] Setting up static identity map for 0x8240 - 0x8274
[    0.054185] [bcm2709_boot_secondary] cpu:1 started (0) 18
[    0.054395] [bcm2709_secondary_init] enter cpu:1
[    0.054436] CPU1: update cpu_capacity 1024
[    0.054443] CPU1: thread -1, cpu 1, socket 0, mpidr 80000001
[    0.054821] [bcm2709_boot_secondary] cpu:2 started (0) 17
[    0.054985] [bcm2709_secondary_init] enter cpu:2
[    0.055006] CPU2: update cpu_capacity 1024
[    0.055012] CPU2: thread -1, cpu 2, socket 0, mpidr 80000002
[    0.055374] [bcm2709_boot_secondary] cpu:3 started (0) 17
[    0.055504] [bcm2709_secondary_init] enter cpu:3
[    0.055524] CPU3: update cpu_capacity 1024
[    0.055530] CPU3: thread -1, cpu 3, socket 0, mpidr 80000003
[    0.055590] Brought up 4 CPUs
[    0.055689] SMP: Total of 4 processors activated (153.60 BogoMIPS).
[    0.055718] CPU: All CPU(s) started in HYP mode.
[    0.055744] CPU: Virtualization extensions available.
[    0.056373] devtmpfs: initialized
[    0.066792] VFP support v0.3: implementor 41 architecture 3 part 40 variant 3 rev 4
[    0.067162] clocksource: jiffies: mask: 0xffffffff max_cycles: 0xffffffff, max_idle_ns: 19112604462750000 ns
[    0.067884] pinctrl core: initialized pinctrl subsystem
[    0.068425] NET: Registered protocol family 16
[    0.073625] DMA: preallocated 4096 KiB pool for atomic coherent allocations
[    0.080631] hw-breakpoint: found 5 (+1 reserved) breakpoint and 4 watchpoint registers.
[    0.080680] hw-breakpoint: maximum watchpoint size is 8 bytes.
[    0.080849] Serial: AMBA PL011 UART driver
[    0.081002] uart-pl011 3f201000.uart: could not find pctldev for node /soc/gpio@7e200000/uart0_pins, deferring probe
[    0.081204] bcm2835-mbox 3f00b880.mailbox: mailbox enabled
[    0.144434] bcm2835-dma 3f007000.dma: DMA legacy API manager at f3007000, dmachans=0x1
[    0.145047] SCSI subsystem initialized
[    0.145249] usbcore: registered new interface driver usbfs
[    0.145367] usbcore: registered new interface driver hub
[    0.145485] usbcore: registered new device driver usb
[    0.151828] raspberrypi-firmware soc:firmware: Attached to firmware from 2016-05-20 19:01
[    0.179032] clocksource: Switched to clocksource arch_sys_counter
[    0.223733] FS-Cache: Loaded
[    0.224031] CacheFiles: Loaded
[    0.236462] NET: Registered protocol family 2
[    0.237330] TCP established hash table entries: 8192 (order: 3, 32768 bytes)
[    0.237468] TCP bind hash table entries: 8192 (order: 4, 65536 bytes)
[    0.237679] TCP: Hash tables configured (established 8192 bind 8192)
[    0.237793] UDP hash table entries: 512 (order: 2, 16384 bytes)
[    0.237861] UDP-Lite hash table entries: 512 (order: 2, 16384 bytes)
[    0.238111] NET: Registered protocol family 1
[    0.238450] RPC: Registered named UNIX socket transport module.
[    0.238483] RPC: Registered udp transport module.
[    0.238511] RPC: Registered tcp transport module.
[    0.238539] RPC: Registered tcp NFSv4.1 backchannel transport module.
[    0.239655] hw perfevents: enabled with armv7_cortex_a7 PMU driver, 7 counters available
[    0.241028] futex hash table entries: 1024 (order: 4, 65536 bytes)
[    0.254464] VFS: Disk quotas dquot_6.6.0
[    0.254797] VFS: Dquot-cache hash table entries: 1024 (order 0, 4096 bytes)
[    0.257098] FS-Cache: Netfs 'nfs' registered for caching
[    0.258030] NFS: Registering the id_resolver key type
[    0.258102] Key type id_resolver registered
[    0.258131] Key type id_legacy registered
[    0.260525] Block layer SCSI generic (bsg) driver version 0.4 loaded (major 252)
[    0.260682] io scheduler noop registered
[    0.260719] io scheduler deadline registered (default)
[    0.260790] io scheduler cfq registered
[    0.263306] BCM2708FB: allocated DMA memory fac00000
[    0.263353] BCM2708FB: allocated DMA channel 0 @ f3007000
[    0.293806] Console: switching to colour frame buffer device 240x67
[    1.367840] bcm2835-rng 3f104000.rng: hwrng registered
[    1.368089] vc-cma: Videocore CMA driver
[    1.368166] vc-cma: vc_cma_base      = 0x00000000
[    1.368248] vc-cma: vc_cma_size      = 0x00000000 (0 MiB)
[    1.368338] vc-cma: vc_cma_initial   = 0x00000000 (0 MiB)
[    1.368654] vc-mem: phys_addr:0x00000000 mem_base=0x3dc00000 mem_size:0x3f000000(1008 MiB)
[    1.383733] brd: module loaded
[    1.392518] loop: module loaded
[    1.393535] vchiq: vchiq_init_state: slot_zero = 0xbac80000, is_master = 0
[    1.395125] Loading iSCSI transport class v2.0-870.
[    1.395860] usbcore: registered new interface driver smsc95xx
[    1.396003] dwc_otg: version 3.00a 10-AUG-2012 (platform bus)
[    1.596353] Core Release: 2.80a
[    1.596425] Setting default values for core params
[    1.596533] Finished setting default values for core params
[    1.796985] Using Buffer DMA mode
[    1.797051] Periodic Transfer Interrupt Enhancement - disabled
[    1.797147] Multiprocessor Interrupt Enhancement - disabled
[    1.797241] OTG VER PARAM: 0, OTG VER FLAG: 0
[    1.797324] Dedicated Tx FIFOs mode
[    1.797675] WARN::dwc_otg_hcd_init:1047: FIQ DMA bounce buffers: virt = 0xbac14000 dma = 0xfac14000 len=9024
[    1.797852] FIQ FSM acceleration enabled for :
Non-periodic Split Transactions
Periodic Split Transactions
High-Speed Isochronous Endpoints
Interrupt/Control Split Transaction hack enabled
[    1.798191] dwc_otg: Microframe scheduler enabled
[    1.798243] WARN::hcd_init_fiq:413: FIQ on core 1 at 0x80446f9c
[    1.798352] WARN::hcd_init_fiq:414: FIQ ASM at 0x8044730c length 36
[    1.798462] WARN::hcd_init_fiq:439: MPHI regs_base at 0xbbc7e000
[    1.798617] dwc_otg 3f980000.usb: DWC OTG Controller
[    1.798733] dwc_otg 3f980000.usb: new USB bus registered, assigned bus number 1
[    1.798877] dwc_otg 3f980000.usb: irq 62, io mem 0x00000000
[    1.803485] Init: Port Power? op_state=1
[    1.808020] Init: Power Port (0)
[    1.812735] usb usb1: New USB device found, idVendor=1d6b, idProduct=0002
[    1.817297] usb usb1: New USB device strings: Mfr=3, Product=2, SerialNumber=1
[    1.821864] usb usb1: Product: DWC OTG Controller
[    1.826381] usb usb1: Manufacturer: Linux 4.4.14-v7+ dwc_otg_hcd
[    1.830915] usb usb1: SerialNumber: 3f980000.usb
[    1.836215] hub 1-0:1.0: USB hub found
[    1.840720] hub 1-0:1.0: 1 port detected
[    1.845748] dwc_otg: FIQ enabled
[    1.845758] dwc_otg: NAK holdoff enabled
[    1.845767] dwc_otg: FIQ split-transaction FSM enabled
[    1.845807] Module dwc_common_port init
[    1.846091] usbcore: registered new interface driver usb-storage
[    1.850870] mousedev: PS/2 mouse device common for all mice
[    1.856153] bcm2835-cpufreq: min=600000 max=1200000
[    1.860991] sdhci: Secure Digital Host Controller Interface driver
[    1.865533] sdhci: Copyright(c) Pierre Ossman
[    1.870366] sdhost: log_buf @ bac13000 (fac13000)
[    1.949062] mmc0: sdhost-bcm2835 loaded - DMA enabled (>1)
[    1.955799] mmc-bcm2835 3f300000.mmc: mmc_debug:0 mmc_debug2:0
[    1.960277] mmc-bcm2835 3f300000.mmc: DMA channel allocated
[    2.009153] sdhci-pltfm: SDHCI platform and OF driver helper
[    2.013959] ledtrig-cpu: registered to indicate activity on CPUs
[    2.018489] hidraw: raw HID events driver (C) Jiri Kosina
[    2.023246] usbcore: registered new interface driver usbhid
[    2.027682] usbhid: USB HID core driver
[    2.032647] Initializing XFRM netlink socket
[    2.037055] NET: Registered protocol family 17
[    2.041552] Indeed it is in host mode hprt0 = 00021501
[    2.048492] mmc0: host does not support reading read-only switch, assuming write-enable
[    2.056488] mmc0: new high speed SDHC card at address aaaa
[    2.061525] Key type dns_resolver registered
[    2.061602] mmcblk0: mmc0:aaaa SL08G 7.40 GiB
[    2.071056] Registering SWP/SWPB emulation handler
[    2.071402]  mmcblk0: p1 p2
[    2.080810] registered taskstats version 1
[    2.085505] vc-sm: Videocore shared memory driver
[    2.088317] mmc1: queuing unknown CIS tuple 0x80 (2 bytes)
[    2.089868] mmc1: queuing unknown CIS tuple 0x80 (3 bytes)
[    2.091415] mmc1: queuing unknown CIS tuple 0x80 (3 bytes)
[    2.094190] mmc1: queuing unknown CIS tuple 0x80 (7 bytes)
[    2.107741] [vc_sm_connected_init]: start
[    2.112584] [vc_sm_connected_init]: end - returning 0
[    2.118283] 3f201000.uart: ttyAMA0 at MMIO 0x3f201000 (irq = 87, base_baud = 0) is a PL011 rev2
[    2.123106] of_cfs_init
[    2.127546] of_cfs_init: OK
[    2.151779] EXT4-fs (mmcblk0p2): mounted filesystem with ordered data mode. Opts: (null)
[    2.156315] VFS: Mounted root (ext4 filesystem) readonly on device 179:2.
[    2.168724] devtmpfs: mounted
[    2.173911] Freeing unused kernel memory: 476K (807ed000 - 80864000)
[    2.185226] mmc1: new high speed SDIO card at address 0001
[    2.219066] usb 1-1: new high-speed USB device number 2 using dwc_otg
[    2.223706] Indeed it is in host mode hprt0 = 00001101
[    2.419378] usb 1-1: New USB device found, idVendor=0424, idProduct=9514
[    2.423862] usb 1-1: New USB device strings: Mfr=0, Product=0, SerialNumber=0
[    2.429231] hub 1-1:1.0: USB hub found
[    2.433813] hub 1-1:1.0: 5 ports detected
[    2.434740] random: systemd urandom read with 42 bits of entropy available
[    2.446846] systemd[1]: systemd 215 running in system mode. (+PAM +AUDIT +SELINUX +IMA +SYSVINIT +LIBCRYPTSETUP +GCRYPT +ACL +XZ -SECCOMP -APPARMOR)
[    2.452063] systemd[1]: Detected architecture 'arm'.
[    2.587925] NET: Registered protocol family 10
[    2.594152] systemd[1]: Inserted module 'ipv6'
[    2.601801] systemd[1]: Set hostname to <raspberrypi>.
[    2.719105] usb 1-1.1: new high-speed USB device number 3 using dwc_otg
[    2.819397] usb 1-1.1: New USB device found, idVendor=0424, idProduct=ec00
[    2.824132] usb 1-1.1: New USB device strings: Mfr=0, Product=0, SerialNumber=0
[    2.831842] smsc95xx v1.0.4
[    2.892826] smsc95xx 1-1.1:1.0 eth0: register 'smsc95xx' at usb-3f980000.usb-1.1, smsc95xx USB 2.0 Ethernet, b8:27:eb:23:0e:94
[    2.978636] systemd[1]: Cannot add dependency job for unit display-manager.service, ignoring: Unit display-manager.service failed to load: No such file or directory.
[    2.986939] systemd[1]: Starting Forward Password Requests to Wall Directory Watch.
[    2.992110] usb 1-1.3: new low-speed USB device number 4 using dwc_otg
[    2.997604] systemd[1]: Started Forward Password Requests to Wall Directory Watch.
[    3.002912] systemd[1]: Starting Remote File Systems (Pre).
[    3.014165] systemd[1]: Reached target Remote File Systems (Pre).
[    3.019485] systemd[1]: Starting Encrypted Volumes.
[    3.030581] systemd[1]: Reached target Encrypted Volumes.
[    3.035802] systemd[1]: Starting Arbitrary Executable File Formats File System Automount Point.
[    3.047597] systemd[1]: Set up automount Arbitrary Executable File Formats File System Automount Point.
[    3.053033] systemd[1]: Starting Swap.
[    3.064447] systemd[1]: Reached target Swap.
[    3.069816] systemd[1]: Expecting device dev-mmcblk0p1.device...
[    3.081337] systemd[1]: Starting Root Slice.
[    3.092834] systemd[1]: Created slice Root Slice.
[    3.098107] systemd[1]: Starting User and Session Slice.
[    3.109767] systemd[1]: Created slice User and Session Slice.
[    3.115127] systemd[1]: Starting /dev/initctl Compatibility Named Pipe.
[    3.126890] systemd[1]: Listening on /dev/initctl Compatibility Named Pipe.
[    3.132384] systemd[1]: Starting Delayed Shutdown Socket.
[    3.137753] usb 1-1.3: New USB device found, idVendor=413c, idProduct=2107
[    3.143208] usb 1-1.3: New USB device strings: Mfr=1, Product=2, SerialNumber=0
[    3.148693] usb 1-1.3: Product: Dell USB Entry Keyboard
[    3.148700] usb 1-1.3: Manufacturer: Dell
[    3.162989] input: Dell Dell USB Entry Keyboard as /devices/platform/soc/3f980000.usb/usb1/1-1/1-1.3/1-1.3:1.0/0003:413C:2107.0001/input/input0
[    3.172401] systemd[1]: Listening on Delayed Shutdown Socket.
[    3.178202] systemd[1]: Starting Journal Socket (/dev/log).
[    3.190961] systemd[1]: Listening on Journal Socket (/dev/log).
[    3.196759] systemd[1]: Starting udev Control Socket.
[    3.209174] systemd[1]: Listening on udev Control Socket.
[    3.214905] systemd[1]: Starting udev Kernel Socket.
[    3.219760] hid-generic 0003:413C:2107.0001: input,hidraw0: USB HID v1.10 Keyboard [Dell Dell USB Entry Keyboard] on usb-3f980000.usb-1.3/input0
[    3.233232] systemd[1]: Listening on udev Kernel Socket.
[    3.239199] systemd[1]: Starting Journal Socket.
[    3.251871] systemd[1]: Listening on Journal Socket.
[    3.257822] systemd[1]: Starting System Slice.
[    3.270295] systemd[1]: Created slice System Slice.
[    3.276003] systemd[1]: Starting File System Check on Root Device...
[    3.319612] systemd[1]: Starting system-systemd\x2dfsck.slice.
[    3.332882] systemd[1]: Created slice system-systemd\x2dfsck.slice.
[    3.339200] systemd[1]: Starting system-getty.slice.
[    3.352209] systemd[1]: Created slice system-getty.slice.
[    3.358461] systemd[1]: Starting Increase datagram queue length...
[    3.373567] systemd[1]: Starting Restore / save the current clock...
[    3.398598] systemd[1]: Started Set Up Additional Binary Formats.
[    3.404331] systemd[1]: Mounted Huge Pages File System.
[    3.410004] systemd[1]: Starting udev Coldplug all Devices...
[    3.425805] systemd[1]: Starting Create list of required static device nodes for the current kernel...
[    3.475613] systemd[1]: Starting Load Kernel Modules...
[    3.495399] systemd[1]: Mounting Debug File System...
[    3.512612] systemd[1]: Mounting POSIX Message Queue File System...
[    3.527559] systemd[1]: Starting Slices.
[    3.541146] systemd[1]: Reached target Slices.
[    3.553012] fuse init (API version 7.23)
[    3.563508] systemd[1]: Mounted POSIX Message Queue File System.
[    3.575550] systemd[1]: Mounted Debug File System.
[    3.583168] i2c /dev entries driver
[    3.595428] systemd[1]: Started Increase datagram queue length.
[    3.617363] systemd[1]: Started File System Check on Root Device.
[    3.630166] systemd[1]: Started Restore / save the current clock.
[    3.678248] systemd[1]: Started Create list of required static device nodes for the current kernel.
[    3.691704] systemd[1]: Started Load Kernel Modules.
[    3.701841] systemd[1]: Time has been changed
[    3.723522] systemd[1]: Started udev Coldplug all Devices.
[    3.866715] systemd[1]: Starting Apply Kernel Variables...
[    3.919925] systemd[1]: Mounting Configuration File System...
[    3.935068] systemd[1]: Mounting FUSE Control File System...
[    3.945105] systemd[1]: Starting Create Static Device Nodes in /dev...
[    3.955384] systemd[1]: Starting Syslog Socket.
[    3.962873] systemd[1]: Listening on Syslog Socket.
[    3.963033] systemd[1]: Starting Journal Service...
[    3.979184] systemd[1]: Started Journal Service.
[    4.167120] systemd-udevd[136]: starting version 215
[    4.404539] bcm2835-wdt 3f100000.watchdog: Broadcom BCM2835 watchdog timer
[    4.406749] gpiomem-bcm2835 3f200000.gpiomem: Initialised: Registers at 0x3f200000
[    4.414276] i2c_hid 1-0040: Fetching the HID descriptor
[    4.414316] i2c_hid 1-0040: __i2c_hid_command: cmd=01 00
[    4.496835] i2c_hid 1-0040: HID Descriptor: 1e 00 00 01 8d 0c 02 00 03 00 0d 00 00 00 00 00 05 00 06 00 d8 04 01 0f 50 71 00 00 00 00
[    4.500489] i2c_hid 1-0040: entering i2c_hid_parse
[    4.500519] i2c_hid 1-0040: i2c_hid_hwreset
[    4.500533] i2c_hid 1-0040: i2c_hid_set_power
[    4.500548] i2c_hid 1-0040: __i2c_hid_command: cmd=05 00 00 08
[    4.534386] i2c_hid 1-0040: input: 02 00
[    4.568710] i2c_hid 1-0040: input: 02 00
[    4.602628] i2c_hid 1-0040: input: 02 00
[    4.636598] i2c_hid 1-0040: input: 02 00
[    4.670522] i2c_hid 1-0040: input: 02 00
[    4.674316] usbcore: registered new interface driver brcmfmac
[    4.705722] i2c_hid 1-0040: input: 02 00
[    4.739645] i2c_hid 1-0040: input: 02 00
[    4.752311] i2c_hid 1-0040: resetting...
[    4.752339] i2c_hid 1-0040: __i2c_hid_command: cmd=05 00 00 01
[    4.786221] i2c_hid 1-0040: input: 02 00
[    4.795015] brcmfmac: brcmf_c_preinit_dcmds: Firmware version = wl0: Dec 15 2015 18:10:45 version 7.45.41.23 (r606571) FWID 01-cc4eda9c
[    4.798875] i2c_hid 1-0040: __i2c_hid_command: waiting...
[    4.804356] random: nonblocking pool is initialized
[    4.814722] EXT4-fs (mmcblk0p2): re-mounted. Opts: (null)
[    4.819223] brcmfmac: brcmf_cfg80211_reg_notifier: not a ISO3166 code
[    4.832749] i2c_hid 1-0040: input: 02 00
[    4.866517] brcmfmac: brcmf_cfg80211_reg_notifier: not a ISO3166 code
[    4.866552] cfg80211: World regulatory domain updated:
[    4.866563] cfg80211:  DFS Master region: unset
[    4.866573] cfg80211:   (start_freq - end_freq @ bandwidth), (max_antenna_gain, max_eirp), (dfs_cac_time)
[    4.866670] cfg80211:   (2402000 KHz - 2472000 KHz @ 40000 KHz), (N/A, 2000 mBm), (N/A)
[    4.866683] cfg80211:   (2457000 KHz - 2482000 KHz @ 40000 KHz), (N/A, 2000 mBm), (N/A)
[    4.866696] cfg80211:   (2474000 KHz - 2494000 KHz @ 20000 KHz), (N/A, 2000 mBm), (N/A)
[    4.866711] cfg80211:   (5170000 KHz - 5250000 KHz @ 80000 KHz, 160000 KHz AUTO), (N/A, 2000 mBm), (N/A)
[    4.866725] cfg80211:   (5250000 KHz - 5330000 KHz @ 80000 KHz, 160000 KHz AUTO), (N/A, 2000 mBm), (0 s)
[    4.866739] cfg80211:   (5490000 KHz - 5730000 KHz @ 160000 KHz), (N/A, 2000 mBm), (0 s)
[    4.866751] cfg80211:   (5735000 KHz - 5835000 KHz @ 80000 KHz), (N/A, 2000 mBm), (N/A)
[    4.866763] cfg80211:   (57240000 KHz - 63720000 KHz @ 2160000 KHz), (N/A, 0 mBm), (N/A)
[    4.866835] i2c_hid 1-0040: __i2c_hid_command: finished.
[    4.866854] i2c_hid 1-0040: asking HID report descriptor
[    4.866882] i2c_hid 1-0040: __i2c_hid_command: cmd=02 00
[    4.900707] i2c_hid 1-0040: input: 02 00
[    5.899074] i2c i2c-1: transfer timed out
[    5.899101] hid (null): reading report descriptor failed
[    5.899117] i2c_hid 1-0040: can't add hid device: -5
[    5.933872] i2c_hid 1-0040: i2c_hid_get_input: incomplete report (13/513)
[    5.933973] i2c_hid: probe of 1-0040 failed with error -5
[    5.934019] bcm2708_i2c 3f804000.i2c: BSC1 Controller at 0x3f804000 (irq 83) (baudrate 100000)
[    6.299781] systemd-journald[134]: Received request to flush runtime journal from PID 1
[    6.649544] brcmfmac: brcmf_add_if: ERROR: netdev:wlan0 already exists
[    6.649576] brcmfmac: brcmf_add_if: ignore IF event
[    6.654923] IPv6: ADDRCONF(NETDEV_UP): wlan0: link is not ready
[    6.655080] brcmfmac: power management disabled
[    7.012660] cfg80211: Regulatory domain changed to country: SE
[    7.012686] cfg80211:  DFS Master region: ETSI
[    7.012696] cfg80211:   (start_freq - end_freq @ bandwidth), (max_antenna_gain, max_eirp), (dfs_cac_time)
[    7.012711] cfg80211:   (2402000 KHz - 2482000 KHz @ 40000 KHz), (N/A, 2000 mBm), (N/A)
[    7.012726] cfg80211:   (5170000 KHz - 5250000 KHz @ 80000 KHz, 160000 KHz AUTO), (N/A, 2000 mBm), (N/A)
[    7.012741] cfg80211:   (5250000 KHz - 5330000 KHz @ 80000 KHz, 160000 KHz AUTO), (N/A, 2000 mBm), (0 s)
[    7.012754] cfg80211:   (5490000 KHz - 5710000 KHz @ 160000 KHz), (N/A, 2700 mBm), (0 s)
[    7.012767] cfg80211:   (57000000 KHz - 66000000 KHz @ 2160000 KHz), (N/A, 4000 mBm), (N/A)
[    7.437908] uart-pl011 3f201000.uart: no DMA platform data
[    7.726616] Adding 102396k swap on /var/swap.  Priority:-1 extents:3 across:200700k SSFS
[    8.221257] smsc95xx 1-1.1:1.0 eth0: hardware isn't capable of remote wakeup
[    8.221766] IPv6: ADDRCONF(NETDEV_UP): eth0: link is not ready
[    9.920799] IPv6: ADDRCONF(NETDEV_CHANGE): eth0: link becomes ready
[    9.921562] smsc95xx 1-1.1:1.0 eth0: link up, 100Mbps, full-duplex, lpa 0xC1E1
[   11.899664] Bluetooth: Core ver 2.21
[   11.899749] NET: Registered protocol family 31
[   11.899759] Bluetooth: HCI device and connection manager initialized
[   11.899783] Bluetooth: HCI socket layer initialized
[   11.899801] Bluetooth: L2CAP socket layer initialized
[   11.899837] Bluetooth: SCO socket layer initialized
[   11.909125] Bluetooth: HCI UART driver ver 2.3
[   11.909148] Bluetooth: HCI UART protocol H4 registered
[   11.909159] Bluetooth: HCI UART protocol Three-wire (H5) registered
[   11.909330] Bluetooth: HCI UART protocol BCM registered
[   12.142155] Bluetooth: BNEP (Ethernet Emulation) ver 1.3
[   12.142175] Bluetooth: BNEP filters: protocol multicast
[   12.142200] Bluetooth: BNEP socket layer initialized
