[    0.000000] Booting Linux on physical CPU 0x0
[    0.000000] Initializing cgroup subsys cpuset
[    0.000000] Initializing cgroup subsys cpu
[    0.000000] Initializing cgroup subsys cpuacct
[    0.000000] Linux version 4.4.11-v7+ (dc4@dc4-XPS13-9333) (gcc version 4.9.3 (crosstool-NG crosstool-ng-1.22.0-88-g8460611) ) #888 SMP Mon May 23 20:10:33 BST 2016
[    0.000000] CPU: ARMv7 Processor [410fd034] revision 4 (ARMv7), cr=10c5383d
[    0.000000] CPU: PIPT / VIPT nonaliasing data cache, VIPT aliasing instruction cache
[    0.000000] Machine model: Raspberry Pi 3 Model B Rev 1.2
[    0.000000] cma: Reserved 8 MiB at 0x3a800000
[    0.000000] Memory policy: Data cache writealloc
[    0.000000] On node 0 totalpages: 241664
[    0.000000] free_area_init_node: node 0, pgdat 808c0dc0, node_mem_map b9fa6000
[    0.000000]   Normal zone: 2124 pages used for memmap
[    0.000000]   Normal zone: 0 pages reserved
[    0.000000]   Normal zone: 241664 pages, LIFO batch:31
[    0.000000] [bcm2709_smp_init_cpus] enter (9520->f3003010)
[    0.000000] [bcm2709_smp_init_cpus] ncores=4
[    0.000000] PERCPU: Embedded 13 pages/cpu @b9f62000 s22592 r8192 d22464 u53248
[    0.000000] pcpu-alloc: s22592 r8192 d22464 u53248 alloc=13*4096
[    0.000000] pcpu-alloc: [0] 0 [0] 1 [0] 2 [0] 3 
[    0.000000] Built 1 zonelists in Zone order, mobility grouping on.  Total pages: 239540
[    0.000000] Kernel command line: 8250.nr_uarts=0 dma.dmachans=0x7f35 bcm2708_fb.fbwidth=1920 bcm2708_fb.fbheight=1080 bcm2709.boardrev=0xa02082 bcm2709.serial=0xe230e94 smsc95xx.macaddr=B8:27:EB:23:0E:94 bcm2708_fb.fbswap=1 bcm2709.uart_clock=48000000 vc_mem.mem_base=0x3dc00000 vc_mem.mem_size=0x3f000000  dwc_otg.lpm_enable=0 console=ttyS0,115200 console=tty1 root=/dev/mmcblk0p2 rootfstype=ext4 elevator=deadline fsck.repair=yes rootwait
[    0.000000] PID hash table entries: 4096 (order: 2, 16384 bytes)
[    0.000000] Dentry cache hash table entries: 131072 (order: 7, 524288 bytes)
[    0.000000] Inode-cache hash table entries: 65536 (order: 6, 262144 bytes)
[    0.000000] Memory: 939080K/966656K available (6344K kernel code, 432K rwdata, 1712K rodata, 476K init, 764K bss, 19384K reserved, 8192K cma-reserved)
[    0.000000] Virtual kernel memory layout:
    vector  : 0xffff0000 - 0xffff1000   (   4 kB)
    fixmap  : 0xffc00000 - 0xfff00000   (3072 kB)
    vmalloc : 0xbb800000 - 0xff800000   (1088 MB)
    lowmem  : 0x80000000 - 0xbb000000   ( 944 MB)
    modules : 0x7f000000 - 0x80000000   (  16 MB)
      .text : 0x80008000 - 0x807e6420   (8058 kB)
      .init : 0x807e7000 - 0x8085e000   ( 476 kB)
      .data : 0x8085e000 - 0x808ca0c8   ( 433 kB)
       .bss : 0x808cd000 - 0x8098c1ac   ( 765 kB)
[    0.000000] SLUB: HWalign=64, Order=0-3, MinObjects=0, CPUs=4, Nodes=1
[    0.000000] Hierarchical RCU implementation.
[    0.000000] 	Build-time adjustment of leaf fanout to 32.
[    0.000000] NR_IRQS:16 nr_irqs:16 16
[    0.000000] Architected cp15 timer(s) running at 19.20MHz (phys).
[    0.000000] clocksource: arch_sys_counter: mask: 0xffffffffffffff max_cycles: 0x46d987e47, max_idle_ns: 440795202767 ns
[    0.000009] sched_clock: 56 bits at 19MHz, resolution 52ns, wraps every 4398046511078ns
[    0.000026] Switching to timer-based delay loop, resolution 52ns
[    0.000289] Console: colour dummy device 80x30
[    0.001337] console [tty1] enabled
[    0.001381] Calibrating delay loop (skipped), value calculated using timer frequency.. 38.40 BogoMIPS (lpj=192000)
[    0.001450] pid_max: default: 32768 minimum: 301
[    0.001784] Mount-cache hash table entries: 2048 (order: 1, 8192 bytes)
[    0.001827] Mountpoint-cache hash table entries: 2048 (order: 1, 8192 bytes)
[    0.002782] Disabling cpuset control group subsystem
[    0.002838] Initializing cgroup subsys io
[    0.002889] Initializing cgroup subsys memory
[    0.002950] Initializing cgroup subsys devices
[    0.002993] Initializing cgroup subsys freezer
[    0.003035] Initializing cgroup subsys net_cls
[    0.003106] CPU: Testing write buffer coherency: ok
[    0.003194] ftrace: allocating 21205 entries in 63 pages
[    0.051829] CPU0: update cpu_capacity 1024
[    0.051893] CPU0: thread -1, cpu 0, socket 0, mpidr 80000000
[    0.051925] [bcm2709_smp_prepare_cpus] enter
[    0.052073] Setting up static identity map for 0x8240 - 0x8274
[    0.053723] [bcm2709_boot_secondary] cpu:1 started (0) 17
[    0.054084] [bcm2709_secondary_init] enter cpu:1
[    0.054128] CPU1: update cpu_capacity 1024
[    0.054135] CPU1: thread -1, cpu 1, socket 0, mpidr 80000001
[    0.054511] [bcm2709_boot_secondary] cpu:2 started (0) 18
[    0.054770] [bcm2709_secondary_init] enter cpu:2
[    0.054791] CPU2: update cpu_capacity 1024
[    0.054797] CPU2: thread -1, cpu 2, socket 0, mpidr 80000002
[    0.055156] [bcm2709_boot_secondary] cpu:3 started (0) 17
[    0.055338] [bcm2709_secondary_init] enter cpu:3
[    0.055359] CPU3: update cpu_capacity 1024
[    0.055364] CPU3: thread -1, cpu 3, socket 0, mpidr 80000003
[    0.055424] Brought up 4 CPUs
[    0.055522] SMP: Total of 4 processors activated (153.60 BogoMIPS).
[    0.055551] CPU: All CPU(s) started in HYP mode.
[    0.055577] CPU: Virtualization extensions available.
[    0.056207] devtmpfs: initialized
[    0.066462] VFP support v0.3: implementor 41 architecture 3 part 40 variant 3 rev 4
[    0.066827] clocksource: jiffies: mask: 0xffffffff max_cycles: 0xffffffff, max_idle_ns: 19112604462750000 ns
[    0.067567] pinctrl core: initialized pinctrl subsystem
[    0.068118] NET: Registered protocol family 16
[    0.073300] DMA: preallocated 4096 KiB pool for atomic coherent allocations
[    0.080118] hw-breakpoint: found 5 (+1 reserved) breakpoint and 4 watchpoint registers.
[    0.080168] hw-breakpoint: maximum watchpoint size is 8 bytes.
[    0.080349] Serial: AMBA PL011 UART driver
[    0.080502] uart-pl011 3f201000.uart: could not find pctldev for node /soc/gpio@7e200000/uart0_pins, deferring probe
[    0.080708] bcm2835-mbox 3f00b880.mailbox: mailbox enabled
[    0.142556] bcm2835-dma 3f007000.dma: DMA legacy API manager at f3007000, dmachans=0x1
[    0.144232] SCSI subsystem initialized
[    0.144434] usbcore: registered new interface driver usbfs
[    0.144550] usbcore: registered new interface driver hub
[    0.144670] usbcore: registered new device driver usb
[    0.151401] raspberrypi-firmware soc:firmware: Attached to firmware from 2016-05-20 19:01
[    0.178654] clocksource: Switched to clocksource arch_sys_counter
[    0.223961] FS-Cache: Loaded
[    0.224250] CacheFiles: Loaded
[    0.236510] NET: Registered protocol family 2
[    0.237386] TCP established hash table entries: 8192 (order: 3, 32768 bytes)
[    0.237524] TCP bind hash table entries: 8192 (order: 4, 65536 bytes)
[    0.237734] TCP: Hash tables configured (established 8192 bind 8192)
[    0.237848] UDP hash table entries: 512 (order: 2, 16384 bytes)
[    0.237915] UDP-Lite hash table entries: 512 (order: 2, 16384 bytes)
[    0.238166] NET: Registered protocol family 1
[    0.238498] RPC: Registered named UNIX socket transport module.
[    0.238531] RPC: Registered udp transport module.
[    0.238558] RPC: Registered tcp transport module.
[    0.238586] RPC: Registered tcp NFSv4.1 backchannel transport module.
[    0.239645] hw perfevents: enabled with armv7_cortex_a7 PMU driver, 7 counters available
[    0.240991] futex hash table entries: 1024 (order: 4, 65536 bytes)
[    0.254163] VFS: Disk quotas dquot_6.6.0
[    0.254492] VFS: Dquot-cache hash table entries: 1024 (order 0, 4096 bytes)
[    0.256785] FS-Cache: Netfs 'nfs' registered for caching
[    0.257692] NFS: Registering the id_resolver key type
[    0.257764] Key type id_resolver registered
[    0.257792] Key type id_legacy registered
[    0.260155] Block layer SCSI generic (bsg) driver version 0.4 loaded (major 252)
[    0.260315] io scheduler noop registered
[    0.260354] io scheduler deadline registered (default)
[    0.260428] io scheduler cfq registered
[    0.262951] BCM2708FB: allocated DMA memory fac00000
[    0.262999] BCM2708FB: allocated DMA channel 0 @ f3007000
[    0.293422] Console: switching to colour frame buffer device 240x67
[    1.373190] bcm2835-rng 3f104000.rng: hwrng registered
[    1.373461] vc-cma: Videocore CMA driver
[    1.373543] vc-cma: vc_cma_base      = 0x00000000
[    1.373626] vc-cma: vc_cma_size      = 0x00000000 (0 MiB)
[    1.373717] vc-cma: vc_cma_initial   = 0x00000000 (0 MiB)
[    1.374054] vc-mem: phys_addr:0x00000000 mem_base=0x3dc00000 mem_size:0x3f000000(1008 MiB)
[    1.388917] brd: module loaded
[    1.397704] loop: module loaded
[    1.398805] vchiq: vchiq_init_state: slot_zero = 0xbac80000, is_master = 0
[    1.400399] Loading iSCSI transport class v2.0-870.
[    1.401128] usbcore: registered new interface driver smsc95xx
[    1.401268] dwc_otg: version 3.00a 10-AUG-2012 (platform bus)
[    1.601613] Core Release: 2.80a
[    1.601679] Setting default values for core params
[    1.601787] Finished setting default values for core params
[    1.802235] Using Buffer DMA mode
[    1.802301] Periodic Transfer Interrupt Enhancement - disabled
[    1.802398] Multiprocessor Interrupt Enhancement - disabled
[    1.802492] OTG VER PARAM: 0, OTG VER FLAG: 0
[    1.802574] Dedicated Tx FIFOs mode
[    1.802943] WARN::dwc_otg_hcd_init:1047: FIQ DMA bounce buffers: virt = 0xbac14000 dma = 0xfac14000 len=9024
[    1.803119] FIQ FSM acceleration enabled for :
Non-periodic Split Transactions
Periodic Split Transactions
High-Speed Isochronous Endpoints
Interrupt/Control Split Transaction hack enabled
[    1.803458] dwc_otg: Microframe scheduler enabled
[    1.803508] WARN::hcd_init_fiq:413: FIQ on core 1 at 0x804464e4
[    1.803615] WARN::hcd_init_fiq:414: FIQ ASM at 0x80446854 length 36
[    1.803724] WARN::hcd_init_fiq:439: MPHI regs_base at 0xbbc7e000
[    1.803881] dwc_otg 3f980000.usb: DWC OTG Controller
[    1.804007] dwc_otg 3f980000.usb: new USB bus registered, assigned bus number 1
[    1.804151] dwc_otg 3f980000.usb: irq 62, io mem 0x00000000
[    1.808758] Init: Port Power? op_state=1
[    1.813294] Init: Power Port (0)
[    1.818002] usb usb1: New USB device found, idVendor=1d6b, idProduct=0002
[    1.822589] usb usb1: New USB device strings: Mfr=3, Product=2, SerialNumber=1
[    1.827141] usb usb1: Product: DWC OTG Controller
[    1.831678] usb usb1: Manufacturer: Linux 4.4.11-v7+ dwc_otg_hcd
[    1.836199] usb usb1: SerialNumber: 3f980000.usb
[    1.841512] hub 1-0:1.0: USB hub found
[    1.846004] hub 1-0:1.0: 1 port detected
[    1.851100] dwc_otg: FIQ enabled
[    1.851109] dwc_otg: NAK holdoff enabled
[    1.851117] dwc_otg: FIQ split-transaction FSM enabled
[    1.851151] Module dwc_common_port init
[    1.851402] usbcore: registered new interface driver usb-storage
[    1.856162] mousedev: PS/2 mouse device common for all mice
[    1.861432] bcm2835-cpufreq: min=600000 max=1200000
[    1.866252] sdhci: Secure Digital Host Controller Interface driver
[    1.870812] sdhci: Copyright(c) Pierre Ossman
[    1.875618] sdhost: log_buf @ bac13000 (fac13000)
[    1.958682] mmc0: sdhost-bcm2835 loaded - DMA enabled (>1)
[    1.965411] mmc-bcm2835 3f300000.mmc: mmc_debug:0 mmc_debug2:0
[    1.969892] mmc-bcm2835 3f300000.mmc: DMA channel allocated
[    2.018766] sdhci-pltfm: SDHCI platform and OF driver helper
[    2.023593] ledtrig-cpu: registered to indicate activity on CPUs
[    2.028146] hidraw: raw HID events driver (C) Jiri Kosina
[    2.032824] usbcore: registered new interface driver usbhid
[    2.037257] usbhid: USB HID core driver
[    2.042198] Initializing XFRM netlink socket
[    2.046608] NET: Registered protocol family 17
[    2.051112] Indeed it is in host mode hprt0 = 00021501
[    2.058866] Key type dns_resolver registered
[    2.063774] Registering SWP/SWPB emulation handler
[    2.070663] registered taskstats version 1
[    2.075517] vc-sm: Videocore shared memory driver
[    2.080042] [vc_sm_connected_init]: start
[    2.085100] [vc_sm_connected_init]: end - returning 0
[    2.091057] 3f201000.uart: ttyAMA0 at MMIO 0x3f201000 (irq = 87, base_baud = 0) is a PL011 rev2
[    2.092618] mmc0: host does not support reading read-only switch, assuming write-enable
[    2.096145] mmc0: new high speed SDHC card at address aaaa
[    2.098892] mmcblk0: mmc0:aaaa SL08G 7.40 GiB
[    2.109613] of_cfs_init
[    2.114196]  mmcblk0: p1 p2
[    2.118780] of_cfs_init: OK
[    2.137212] EXT4-fs (mmcblk0p2): mounted filesystem with ordered data mode. Opts: (null)
[    2.141172] mmc1: queuing unknown CIS tuple 0x80 (2 bytes)
[    2.142724] mmc1: queuing unknown CIS tuple 0x80 (3 bytes)
[    2.144283] mmc1: queuing unknown CIS tuple 0x80 (3 bytes)
[    2.147083] mmc1: queuing unknown CIS tuple 0x80 (7 bytes)
[    2.159441] VFS: Mounted root (ext4 filesystem) readonly on device 179:2.
[    2.171956] devtmpfs: mounted
[    2.177020] Freeing unused kernel memory: 476K (807e7000 - 8085e000)
[    2.228698] usb 1-1: new high-speed USB device number 2 using dwc_otg
[    2.233463] Indeed it is in host mode hprt0 = 00001101
[    2.238462] mmc1: new high speed SDIO card at address 0001
[    2.428979] usb 1-1: New USB device found, idVendor=0424, idProduct=9514
[    2.433444] usb 1-1: New USB device strings: Mfr=0, Product=0, SerialNumber=0
[    2.438037] hub 1-1:1.0: USB hub found
[    2.442524] hub 1-1:1.0: 5 ports detected
[    2.465330] random: systemd urandom read with 45 bits of entropy available
[    2.473855] systemd[1]: systemd 215 running in system mode. (+PAM +AUDIT +SELINUX +IMA +SYSVINIT +LIBCRYPTSETUP +GCRYPT +ACL +XZ -SECCOMP -APPARMOR)
[    2.478967] systemd[1]: Detected architecture 'arm'.
[    2.608641] NET: Registered protocol family 10
[    2.614845] systemd[1]: Inserted module 'ipv6'
[    2.622258] systemd[1]: Set hostname to <raspberrypi>.
[    2.718743] usb 1-1.1: new high-speed USB device number 3 using dwc_otg
[    2.819034] usb 1-1.1: New USB device found, idVendor=0424, idProduct=ec00
[    2.823726] usb 1-1.1: New USB device strings: Mfr=0, Product=0, SerialNumber=0
[    2.831340] smsc95xx v1.0.4
[    2.892378] smsc95xx 1-1.1:1.0 eth0: register 'smsc95xx' at usb-3f980000.usb-1.1, smsc95xx USB 2.0 Ethernet, b8:27:eb:23:0e:94
[    2.977769] systemd[1]: Cannot add dependency job for unit display-manager.service, ignoring: Unit display-manager.service failed to load: No such file or directory.
[    2.985890] systemd[1]: Starting Forward Password Requests to Wall Directory Watch.
[    2.991279] systemd[1]: Started Forward Password Requests to Wall Directory Watch.
[    2.996332] systemd[1]: Starting Remote File Systems (Pre).
[    3.007348] systemd[1]: Reached target Remote File Systems (Pre).
[    3.012540] systemd[1]: Starting Encrypted Volumes.
[    3.023450] systemd[1]: Reached target Encrypted Volumes.
[    3.028569] systemd[1]: Starting Arbitrary Executable File Formats File System Automount Point.
[    3.040118] systemd[1]: Set up automount Arbitrary Executable File Formats File System Automount Point.
[    3.045398] systemd[1]: Starting Swap.
[    3.056700] systemd[1]: Reached target Swap.
[    3.061927] systemd[1]: Expecting device dev-mmcblk0p1.device...
[    3.073254] systemd[1]: Starting Root Slice.
[    3.084567] systemd[1]: Created slice Root Slice.
[    3.089825] systemd[1]: Starting User and Session Slice.
[    3.101278] systemd[1]: Created slice User and Session Slice.
[    3.106566] systemd[1]: Starting /dev/initctl Compatibility Named Pipe.
[    3.118173] systemd[1]: Listening on /dev/initctl Compatibility Named Pipe.
[    3.123680] systemd[1]: Starting Delayed Shutdown Socket.
[    3.128693] usb 1-1.3: new low-speed USB device number 4 using dwc_otg
[    3.140686] systemd[1]: Listening on Delayed Shutdown Socket.
[    3.146035] systemd[1]: Starting Journal Socket (/dev/log).
[    3.157839] systemd[1]: Listening on Journal Socket (/dev/log).
[    3.163298] systemd[1]: Starting udev Control Socket.
[    3.175029] systemd[1]: Listening on udev Control Socket.
[    3.180543] systemd[1]: Starting udev Kernel Socket.
[    3.192374] systemd[1]: Listening on udev Kernel Socket.
[    3.197883] systemd[1]: Starting Journal Socket.
[    3.209728] systemd[1]: Listening on Journal Socket.
[    3.215236] systemd[1]: Starting System Slice.
[    3.226998] systemd[1]: Created slice System Slice.
[    3.232511] systemd[1]: Starting File System Check on Root Device...
[    3.269380] systemd[1]: Starting system-systemd\x2dfsck.slice.
[    3.282316] systemd[1]: Created slice system-systemd\x2dfsck.slice.
[    3.287885] systemd[1]: Starting system-getty.slice.
[    3.294090] usb 1-1.3: New USB device found, idVendor=413c, idProduct=2107
[    3.294105] usb 1-1.3: New USB device strings: Mfr=1, Product=2, SerialNumber=0
[    3.294113] usb 1-1.3: Product: Dell USB Entry Keyboard
[    3.294119] usb 1-1.3: Manufacturer: Dell
[    3.322359] systemd[1]: Created slice system-getty.slice.
[    3.328310] systemd[1]: Starting Increase datagram queue length...
[    3.337539] input: Dell Dell USB Entry Keyboard as /devices/platform/soc/3f980000.usb/usb1/1-1/1-1.3/1-1.3:1.0/0003:413C:2107.0001/input/input0
[    3.348864] systemd[1]: Starting Restore / save the current clock...
[    3.376089] systemd[1]: Started Set Up Additional Binary Formats.
[    3.382012] systemd[1]: Mounted Huge Pages File System.
[    3.388188] systemd[1]: Starting udev Coldplug all Devices...
[    3.399578] hid-generic 0003:413C:2107.0001: input,hidraw0: USB HID v1.10 Keyboard [Dell Dell USB Entry Keyboard] on usb-3f980000.usb-1.3/input0
[    3.410006] systemd[1]: Starting Create list of required static device nodes for the current kernel...
[    3.459096] systemd[1]: Starting Load Kernel Modules...
[    3.478369] systemd[1]: Mounting Debug File System...
[    3.501294] systemd[1]: Mounting POSIX Message Queue File System...
[    3.515617] i2c /dev entries driver
[    3.517533] systemd[1]: Starting Slices.
[    3.535813] systemd[1]: Reached target Slices.
[    3.550139] systemd[1]: Mounted POSIX Message Queue File System.
[    3.561848] systemd[1]: Mounted Debug File System.
[    3.575218] systemd[1]: Started Increase datagram queue length.
[    3.597410] systemd[1]: Started File System Check on Root Device.
[    3.610333] systemd[1]: Started Restore / save the current clock.
[    3.667676] systemd[1]: Started Create list of required static device nodes for the current kernel.
[    3.681051] systemd[1]: Started Load Kernel Modules.
[    3.690983] systemd[1]: Time has been changed
[    3.712758] systemd[1]: Started udev Coldplug all Devices.
[    3.854809] systemd[1]: Starting Apply Kernel Variables...
[    3.919547] systemd[1]: Mounting Configuration File System...
[    3.934833] systemd[1]: Mounted FUSE Control File System.
[    3.935405] systemd[1]: Starting Create Static Device Nodes in /dev...
[    3.945494] systemd[1]: Starting Syslog Socket.
[    3.952730] systemd[1]: Listening on Syslog Socket.
[    3.952890] systemd[1]: Starting Journal Service...
[    3.969388] systemd[1]: Started Journal Service.
[    4.136554] systemd-udevd[135]: starting version 215
[    4.398946] bcm2835-wdt 3f100000.watchdog: Broadcom BCM2835 watchdog timer
[    4.412743] gpiomem-bcm2835 3f200000.gpiomem: Initialised: Registers at 0x3f200000
[    4.426256] bcm2708_i2c 3f804000.i2c: BSC1 Controller at 0x3f804000 (irq 83) (baudrate 100000)
[    4.650962] brcmfmac: brcmf_sdio_drivestrengthinit: No SDIO Drive strength init done for chip 43430 rev 1 pmurev 24
[    4.651749] usbcore: registered new interface driver brcmfmac
[    4.770181] EXT4-fs (mmcblk0p2): re-mounted. Opts: (null)
[    4.784534] brcmfmac: brcmf_c_preinit_dcmds: Firmware version = wl0: Dec 15 2015 18:10:45 version 7.45.41.23 (r606571) FWID 01-cc4eda9c
[    4.809747] brcmfmac: brcmf_cfg80211_reg_notifier: not a ISO3166 code
[    4.811286] random: nonblocking pool is initialized
[    4.856108] brcmfmac: brcmf_cfg80211_reg_notifier: not a ISO3166 code
[    4.856148] cfg80211: World regulatory domain updated:
[    4.856164] cfg80211:  DFS Master region: unset
[    4.856182] cfg80211:   (start_freq - end_freq @ bandwidth), (max_antenna_gain, max_eirp), (dfs_cac_time)
[    4.856211] cfg80211:   (2402000 KHz - 2472000 KHz @ 40000 KHz), (N/A, 2000 mBm), (N/A)
[    4.856241] cfg80211:   (2457000 KHz - 2482000 KHz @ 40000 KHz), (N/A, 2000 mBm), (N/A)
[    4.856255] cfg80211:   (2474000 KHz - 2494000 KHz @ 20000 KHz), (N/A, 2000 mBm), (N/A)
[    4.856270] cfg80211:   (5170000 KHz - 5250000 KHz @ 80000 KHz, 160000 KHz AUTO), (N/A, 2000 mBm), (N/A)
[    4.856295] cfg80211:   (5250000 KHz - 5330000 KHz @ 80000 KHz, 160000 KHz AUTO), (N/A, 2000 mBm), (0 s)
[    4.856321] cfg80211:   (5490000 KHz - 5730000 KHz @ 160000 KHz), (N/A, 2000 mBm), (0 s)
[    4.856339] cfg80211:   (5735000 KHz - 5835000 KHz @ 80000 KHz), (N/A, 2000 mBm), (N/A)
[    4.856370] cfg80211:   (57240000 KHz - 63720000 KHz @ 2160000 KHz), (N/A, 0 mBm), (N/A)
[    5.280420] systemd-journald[133]: Received request to flush runtime journal from PID 1
[    5.951942] brcmfmac: brcmf_add_if: ERROR: netdev:wlan0 already exists
[    5.951968] brcmfmac: brcmf_add_if: ignore IF event
[    5.956781] IPv6: ADDRCONF(NETDEV_UP): wlan0: link is not ready
[    5.956905] brcmfmac: power management disabled
[    6.282247] cfg80211: Regulatory domain changed to country: SE
[    6.282269] cfg80211:  DFS Master region: ETSI
[    6.282278] cfg80211:   (start_freq - end_freq @ bandwidth), (max_antenna_gain, max_eirp), (dfs_cac_time)
[    6.282293] cfg80211:   (2402000 KHz - 2482000 KHz @ 40000 KHz), (N/A, 2000 mBm), (N/A)
[    6.282308] cfg80211:   (5170000 KHz - 5250000 KHz @ 80000 KHz, 160000 KHz AUTO), (N/A, 2000 mBm), (N/A)
[    6.282322] cfg80211:   (5250000 KHz - 5330000 KHz @ 80000 KHz, 160000 KHz AUTO), (N/A, 2000 mBm), (0 s)
[    6.282335] cfg80211:   (5490000 KHz - 5710000 KHz @ 160000 KHz), (N/A, 2700 mBm), (0 s)
[    6.282347] cfg80211:   (57000000 KHz - 66000000 KHz @ 2160000 KHz), (N/A, 4000 mBm), (N/A)
[    6.548332] uart-pl011 3f201000.uart: no DMA platform data
[    6.853070] Adding 102396k swap on /var/swap.  Priority:-1 extents:3 across:200700k SSFS
[    7.340807] smsc95xx 1-1.1:1.0 eth0: hardware isn't capable of remote wakeup
[    7.341025] IPv6: ADDRCONF(NETDEV_UP): eth0: link is not ready
[    9.008374] IPv6: ADDRCONF(NETDEV_CHANGE): eth0: link becomes ready
[    9.011188] smsc95xx 1-1.1:1.0 eth0: link up, 100Mbps, full-duplex, lpa 0xC1E1
[   10.970668] Bluetooth: Core ver 2.21
[   10.970752] NET: Registered protocol family 31
[   10.970762] Bluetooth: HCI device and connection manager initialized
[   10.970785] Bluetooth: HCI socket layer initialized
[   10.970801] Bluetooth: L2CAP socket layer initialized
[   10.970837] Bluetooth: SCO socket layer initialized
[   10.980817] Bluetooth: HCI UART driver ver 2.3
[   10.980836] Bluetooth: HCI UART protocol H4 registered
[   10.980846] Bluetooth: HCI UART protocol Three-wire (H5) registered
[   10.981011] Bluetooth: HCI UART protocol BCM registered
[   11.227023] Bluetooth: BNEP (Ethernet Emulation) ver 1.3
[   11.227044] Bluetooth: BNEP filters: protocol multicast
[   11.227069] Bluetooth: BNEP socket layer initialized
[   67.487628] device-tree: Duplicate name in i2c@7e804000, renamed to "i2c-hid-dev@2c#1"
[   67.487913] i2c i2c-1: Failed to register i2c client hid-over-i2c at 0x40 (-16)
[   67.487928] i2c i2c-1: of_i2c: Failure registering /soc/i2c@7e804000/i2c-hid-dev@2c
[   67.487939] of_i2c_notify: failed to create for '/soc/i2c@7e804000/i2c-hid-dev@2c'
[   67.487949] __of_changeset_entry_notify: notifier error @/soc/i2c@7e804000/i2c-hid-dev@2c
